Component: ARM Compiler 5.06 update 1 (build 61) Tool: armlink [4d35a8]

==============================================================================

Section Cross References

    imu_task.o(i.HAL_GPIO_EXTI_Callback) refers to ble.o(i.ble_isconnected) for ble_isconnected
    imu_task.o(i.HAL_GPIO_EXTI_Callback) refers to imu_task.o(i.imu_startMesure) for imu_startMesure
    imu_task.o(i.HAL_GPIO_EXTI_Callback) refers to imu_task.o(i.imu_stopMesure) for imu_stopMesure
    imu_task.o(i.HAL_GPIO_EXTI_Callback) refers to imu_task.o(.data) for sysTime_ms
    imu_task.o(i.StartIMUTask) refers to imu_task.o(i.buf_init) for buf_init
    imu_task.o(i.StartIMUTask) refers to imu_task.o(i.imu_init) for imu_init
    imu_task.o(i.StartIMUTask) refers to cmsis_os.o(i.osDelay) for osDelay
    imu_task.o(i.StartIMUTask) refers to systime.o(i.systime_Init) for systime_Init
    imu_task.o(i.StartIMUTask) refers to imu_task.o(i.syncHandle) for syncHandle
    imu_task.o(i.StartIMUTask) refers to queue.o(i.xQueueGenericSend) for xQueueGenericSend
    imu_task.o(i.StartIMUTask) refers to wdg.o(i.IWDG_Feed) for IWDG_Feed
    imu_task.o(i.StartIMUTask) refers to ble.o(i.ble_update_systime) for ble_update_systime
    imu_task.o(i.StartIMUTask) refers to systime.o(i.Calendar_Timer) for Calendar_Timer
    imu_task.o(i.StartIMUTask) refers to imu_task.o(.data) for getSYNCFlag
    imu_task.o(i.StartIMUTask) refers to sd_data.o(.data) for tmpSendInfolen
    imu_task.o(i.StartIMUTask) refers to sd_task.o(.data) for SdWriteProDataQueue
    imu_task.o(i.buf_init) refers to memseta.o(.text) for __aeabi_memclr
    imu_task.o(i.buf_init) refers to imu_task.o(.bss) for sConvertBuf
    imu_task.o(i.getSync) refers to stm32l4xx_hal_gpio.o(i.HAL_GPIO_ReadPin) for HAL_GPIO_ReadPin
    imu_task.o(i.getSync) refers to imu_task.o(i.imu_startMesure) for imu_startMesure
    imu_task.o(i.getSync) refers to imu_task.o(i.imu_stopMesure) for imu_stopMesure
    imu_task.o(i.getSync) refers to imu_task.o(.data) for SYNCFLAG
    imu_task.o(i.imu_data_check_lzf) refers to utility.o(i.CheckSum) for CheckSum
    imu_task.o(i.imu_data_check_lzf) refers to memcpya.o(.text) for __aeabi_memcpy
    imu_task.o(i.imu_data_check_lzf) refers to memseta.o(.text) for __aeabi_memclr
    imu_task.o(i.imu_data_check_lzf) refers to stm32l4xx_hal_uart.o(i.HAL_UART_Transmit_DMA) for HAL_UART_Transmit_DMA
    imu_task.o(i.imu_data_check_lzf) refers to imu_task.o(.bss) for sConvertBuf
    imu_task.o(i.imu_data_check_lzf) refers to imu_task.o(.data) for sa
    imu_task.o(i.imu_data_check_lzf) refers to uart.o(.bss) for huart4
    imu_task.o(i.imu_data_handle) refers to utility.o(i.CheckSum) for CheckSum
    imu_task.o(i.imu_data_handle) refers to memcpya.o(.text) for __aeabi_memcpy
    imu_task.o(i.imu_data_handle) refers to memseta.o(.text) for __aeabi_memclr
    imu_task.o(i.imu_data_handle) refers to stm32l4xx_hal_uart.o(i.HAL_UART_Transmit_DMA) for HAL_UART_Transmit_DMA
    imu_task.o(i.imu_data_handle) refers to sd_data.o(i.imuDataSaveTmp) for imuDataSaveTmp
    imu_task.o(i.imu_data_handle) refers to imu_task.o(.bss) for sConvertBuf
    imu_task.o(i.imu_data_handle) refers to imu_task.o(.data) for send_cnt
    imu_task.o(i.imu_data_handle) refers to uart.o(.bss) for huart4
    imu_task.o(i.imu_data_handle_sequence) refers to memseta.o(.text) for __aeabi_memclr
    imu_task.o(i.imu_data_handle_sequence) refers to utility.o(i.CheckSum) for CheckSum
    imu_task.o(i.imu_data_handle_sequence) refers to memcpya.o(.text) for __aeabi_memcpy
    imu_task.o(i.imu_data_handle_sequence) refers to stm32l4xx_hal_uart.o(i.HAL_UART_Transmit_DMA) for HAL_UART_Transmit_DMA
    imu_task.o(i.imu_data_handle_sequence) refers to sd_data.o(i.imuDataSaveTmp) for imuDataSaveTmp
    imu_task.o(i.imu_data_handle_sequence) refers to imu_task.o(.data) for SYNCFnished
    imu_task.o(i.imu_data_handle_sequence) refers to imu_task.o(.bss) for sConvertBuf
    imu_task.o(i.imu_data_handle_sequence) refers to uart.o(.bss) for huart4
    imu_task.o(i.imu_init) refers to uart.o(i.uart1_sendStr) for uart1_sendStr
    imu_task.o(i.imu_init) refers to uart.o(i.uart3_sendStr) for uart3_sendStr
    imu_task.o(i.imu_init) refers to imu_task.o(i.imu_stopMesure) for imu_stopMesure
    imu_task.o(i.imu_init) refers to imu_task.o(.data) for GotoConfig
    imu_task.o(i.imu_startMesure) refers to uart.o(i.uart1_sendStr) for uart1_sendStr
    imu_task.o(i.imu_startMesure) refers to uart.o(i.uart3_sendStr) for uart3_sendStr
    imu_task.o(i.imu_startMesure) refers to imu_task.o(.data) for GotoMesure
    imu_task.o(i.imu_stopMesure) refers to uart.o(i.uart1_sendStr) for uart1_sendStr
    imu_task.o(i.imu_stopMesure) refers to uart.o(i.uart3_sendStr) for uart3_sendStr
    imu_task.o(i.imu_stopMesure) refers to imu_task.o(.data) for GotoConfig
    imu_task.o(i.imu_stopstartMesure) refers to uart.o(i.uart2_sendStr) for uart2_sendStr
    imu_task.o(i.imu_stopstartMesure) refers to uart.o(i.uart3_sendStr) for uart3_sendStr
[...]
    HAL_SD_Init                              0x080036a5   Thumb Code    60  stm32l4xx_hal_sd.o(i.HAL_SD_Init)
    HAL_SD_InitCard                          0x080036e1   Thumb Code   238  stm32l4xx_hal_sd.o(i.HAL_SD_InitCard)
    HAL_SD_MspInit                           0x080037dd   Thumb Code   330  stm32l4xx_hal_msp.o(i.HAL_SD_MspInit)
    HAL_SD_ReadBlocks_DMA                    0x08003945   Thumb Code   280  stm32l4xx_hal_sd.o(i.HAL_SD_ReadBlocks_DMA)
    HAL_SD_RxCpltCallback                    0x08003a69   Thumb Code    10  bsp_driver_sd.o(i.HAL_SD_RxCpltCallback)
    HAL_SD_TxCpltCallback                    0x08003a73   Thumb Code    10  bsp_driver_sd.o(i.HAL_SD_TxCpltCallback)
    HAL_SD_WriteBlocks_DMA                   0x08003a7d   Thumb Code   284  stm32l4xx_hal_sd.o(i.HAL_SD_WriteBlocks_DMA)
    HAL_SYSTICK_Config                       0x08003ba5   Thumb Code    52  stm32l4xx_hal_cortex.o(i.HAL_SYSTICK_Config)
    HAL_TIMEx_Break2Callback                 0x08003bd9   Thumb Code     2  stm32l4xx_hal_tim_ex.o(i.HAL_TIMEx_Break2Callback)
    HAL_TIMEx_BreakCallback                  0x08003bdb   Thumb Code     2  stm32l4xx_hal_tim_ex.o(i.HAL_TIMEx_BreakCallback)
    HAL_TIMEx_CommutCallback                 0x08003bdd   Thumb Code     2  stm32l4xx_hal_tim_ex.o(i.HAL_TIMEx_CommutCallback)
    HAL_TIMEx_MasterConfigSynchronization    0x08003be1   Thumb Code   134  stm32l4xx_hal_tim_ex.o(i.HAL_TIMEx_MasterConfigSynchronization)
    HAL_TIM_Base_Init                        0x08003c75   Thumb Code   110  stm32l4xx_hal_tim.o(i.HAL_TIM_Base_Init)
    HAL_TIM_Base_MspInit                     0x08003ce5   Thumb Code   216  stm32l4xx_hal_msp.o(i.HAL_TIM_Base_MspInit)
    HAL_TIM_IC_CaptureCallback               0x08003dc9   Thumb Code     2  stm32l4xx_hal_tim.o(i.HAL_TIM_IC_CaptureCallback)
    HAL_TIM_IRQHandler                       0x08003dcb   Thumb Code   440  stm32l4xx_hal_tim.o(i.HAL_TIM_IRQHandler)
    HAL_TIM_OC_DelayElapsedCallback          0x08003f83   Thumb Code     2  stm32l4xx_hal_tim.o(i.HAL_TIM_OC_DelayElapsedCallback)
    HAL_TIM_PWM_PulseFinishedCallback        0x08003f85   Thumb Code     2  stm32l4xx_hal_tim.o(i.HAL_TIM_PWM_PulseFinishedCallback)
    HAL_TIM_PeriodElapsedCallback            0x08003f87   Thumb Code     2  stm32l4xx_hal_tim.o(i.HAL_TIM_PeriodElapsedCallback)
    HAL_TIM_SlaveConfigSynchro               0x08003f89   Thumb Code   108  stm32l4xx_hal_tim.o(i.HAL_TIM_SlaveConfigSynchro)
    HAL_TIM_TriggerCallback                  0x08003ff5   Thumb Code     2  stm32l4xx_hal_tim.o(i.HAL_TIM_TriggerCallback)
    HAL_UARTEx_WakeupCallback                0x08003ff7   Thumb Code     2  stm32l4xx_hal_uart_ex.o(i.HAL_UARTEx_WakeupCallback)
    HAL_UART_ErrorCallback                   0x08003ff9   Thumb Code     2  stm32l4xx_hal_uart.o(i.HAL_UART_ErrorCallback)
    HAL_UART_IRQHandler                      0x08003ffd   Thumb Code   430  stm32l4xx_hal_uart.o(i.HAL_UART_IRQHandler)
    HAL_UART_Init                            0x080041b5   Thumb Code   116  stm32l4xx_hal_uart.o(i.HAL_UART_Init)
    HAL_UART_MspInit                         0x08004229   Thumb Code   838  stm32l4xx_hal_msp.o(i.HAL_UART_MspInit)
    HAL_UART_Receive_IT                      0x080045ad   Thumb Code   218  stm32l4xx_hal_uart.o(i.HAL_UART_Receive_IT)
    HAL_UART_RxCpltCallback                  0x08004691   Thumb Code   684  uart.o(i.HAL_UART_RxCpltCallback)
    HAL_UART_Transmit_DMA                    0x080049b5   Thumb Code   166  stm32l4xx_hal_uart.o(i.HAL_UART_Transmit_DMA)
    HAL_UART_TxCpltCallback                  0x08004a69   Thumb Code     2  stm32l4xx_hal_uart.o(i.HAL_UART_TxCpltCallback)
    HAL_UART_TxHalfCpltCallback              0x08004a6b   Thumb Code     2  stm32l4xx_hal_uart.o(i.HAL_UART_TxHalfCpltCallback)
    HardFault_Handler                        0x08004a6d   Thumb Code     4  stm32l4xx_it.o(i.HardFault_Handler)
    HardwareInit                             0x08004a71   Thumb Code    12  board.o(i.HardwareInit)
    HexToChar                                0x08004a7d   Thumb Code    24  sd_data.o(i.HexToChar)
    IWDG_Feed                                0x08004d39   Thumb Code    10  wdg.o(i.IWDG_Feed)
    MX_FATFS_Init                            0x08004e59   Thumb Code    16  fatfs.o(i.MX_FATFS_Init)
    MX_TIM3_Init                             0x08005051   Thumb Code    88  tim.o(i.MX_TIM3_Init)
    MemManage_Handler                        0x08005229   Thumb Code     4  stm32l4xx_it.o(i.MemManage_Handler)
    NMI_Handler                              0x0800522d   Thumb Code     2  stm32l4xx_it.o(i.NMI_Handler)
    SDMMC1_IRQHandler                        0x08005611   Thumb Code    10  stm32l4xx_it.o(i.SDMMC1_IRQHandler)
    SDMMC_CmdAppCommand                      0x08005621   Thumb Code    56  stm32l4xx_ll_sdmmc.o(i.SDMMC_CmdAppCommand)
    SDMMC_CmdAppOperCommand                  0x08005659   Thumb Code    54  stm32l4xx_ll_sdmmc.o(i.SDMMC_CmdAppOperCommand)
    SDMMC_CmdBlockLength                     0x08005695   Thumb Code    56  stm32l4xx_ll_sdmmc.o(i.SDMMC_CmdBlockLength)
    SDMMC_CmdBusWidth                        0x080056cd   Thumb Code    56  stm32l4xx_ll_sdmmc.o(i.SDMMC_CmdBusWidth)
    SDMMC_CmdGoIdleState                     0x08005705   Thumb Code    44  stm32l4xx_ll_sdmmc.o(i.SDMMC_CmdGoIdleState)
    SDMMC_CmdOperCond                        0x08005731   Thumb Code    52  stm32l4xx_ll_sdmmc.o(i.SDMMC_CmdOperCond)
    SDMMC_CmdReadMultiBlock                  0x08005765   Thumb Code    56  stm32l4xx_ll_sdmmc.o(i.SDMMC_CmdReadMultiBlock)
    SDMMC_CmdReadSingleBlock                 0x0800579d   Thumb Code    56  stm32l4xx_ll_sdmmc.o(i.SDMMC_CmdReadSingleBlock)
    SDMMC_CmdSelDesel                        0x080057d5   Thumb Code    58  stm32l4xx_ll_sdmmc.o(i.SDMMC_CmdSelDesel)
    SDMMC_CmdSendCID                         0x0800580f   Thumb Code    50  stm32l4xx_ll_sdmmc.o(i.SDMMC_CmdSendCID)
    SDMMC_CmdSendCSD                         0x08005841   Thumb Code    50  stm32l4xx_ll_sdmmc.o(i.SDMMC_CmdSendCSD)
    SDMMC_CmdSendSCR                         0x08005873   Thumb Code    56  stm32l4xx_ll_sdmmc.o(i.SDMMC_CmdSendSCR)
    SDMMC_CmdSendStatus                      0x080058ab   Thumb Code    56  stm32l4xx_ll_sdmmc.o(i.SDMMC_CmdSendStatus)
    SDMMC_CmdSetRelAdd                       0x080058e3   Thumb Code    56  stm32l4xx_ll_sdmmc.o(i.SDMMC_CmdSetRelAdd)
    SDMMC_CmdStopTransfer                    0x0800591d   Thumb Code    54  stm32l4xx_ll_sdmmc.o(i.SDMMC_CmdStopTransfer)
    SDMMC_CmdWriteMultiBlock                 0x08005959   Thumb Code    56  stm32l4xx_ll_sdmmc.o(i.SDMMC_CmdWriteMultiBlock)
    SDMMC_CmdWriteSingleBlock                0x08005991   Thumb Code    56  stm32l4xx_ll_sdmmc.o(i.SDMMC_CmdWriteSingleBlock)
    SDMMC_ConfigData                         0x080059c9   Thumb Code    44  stm32l4xx_ll_sdmmc.o(i.SDMMC_ConfigData)
    SDMMC_GetCmdResp1                        0x08005a35   Thumb Code   418  stm32l4xx_ll_sdmmc.o(i.SDMMC_GetCmdResp1)
    SDMMC_GetCmdResp2                        0x08005be1   Thumb Code    96  stm32l4xx_ll_sdmmc.o(i.SDMMC_GetCmdResp2)
    SDMMC_GetCmdResp3                        0x08005c45   Thumb Code    82  stm32l4xx_ll_sdmmc.o(i.SDMMC_GetCmdResp3)
    SDMMC_GetCmdResp6                        0x08005c9d   Thumb Code   180  stm32l4xx_ll_sdmmc.o(i.SDMMC_GetCmdResp6)
    SDMMC_GetCmdResp7                        0x08005d55   Thumb Code   104  stm32l4xx_ll_sdmmc.o(i.SDMMC_GetCmdResp7)
    SDMMC_GetCommandResponse                 0x08005dc1   Thumb Code     8  stm32l4xx_ll_sdmmc.o(i.SDMMC_GetCommandResponse)
    SDMMC_GetPowerState                      0x08005dc9   Thumb Code    10  stm32l4xx_ll_sdmmc.o(i.SDMMC_GetPowerState)
    SDMMC_GetResponse                        0x08005dd3   Thumb Code    12  stm32l4xx_ll_sdmmc.o(i.SDMMC_GetResponse)
    SDMMC_Init                               0x08005ddf   Thumb Code    52  stm32l4xx_ll_sdmmc.o(i.SDMMC_Init)
    SDMMC_PowerState_ON                      0x08005e13   Thumb Code    18  stm32l4xx_ll_sdmmc.o(i.SDMMC_PowerState_ON)
    SDMMC_ReadFIFO                           0x08005e25   Thumb Code     8  stm32l4xx_ll_sdmmc.o(i.SDMMC_ReadFIFO)
    SDMMC_SendCommand                        0x08005e2d   Thumb Code    40  stm32l4xx_ll_sdmmc.o(i.SDMMC_SendCommand)
    SDMMC_WriteFIFO                          0x08005e55   Thumb Code    12  stm32l4xx_ll_sdmmc.o(i.SDMMC_WriteFIFO)
    SD_DMAConfigRx                           0x08005e89   Thumb Code    72  main.o(i.SD_DMAConfigRx)
    SD_DMAConfigTx                           0x08005edd   Thumb Code    72  main.o(i.SD_DMAConfigTx)
    SD_initialize                            0x08006529   Thumb Code    70  sd_diskio_1.o(i.SD_initialize)
    SD_ioctl                                 0x0800657d   Thumb Code   102  sd_diskio_1.o(i.SD_ioctl)
    SD_read                                  0x080065e9   Thumb Code   106  sd_diskio_1.o(i.SD_read)
    SD_status                                0x08006659   Thumb Code    12  sd_diskio_1.o(i.SD_status)
    SD_write                                 0x08006665   Thumb Code   106  sd_diskio_1.o(i.SD_write)
    SdcardCreatLogFile_Zyx                   0x080066d5   Thumb Code   210  sd_log.o(i.SdcardCreatLogFile_Zyx)
    SdcardCreatProFile_Zyx                   0x080067c1   Thumb Code   178  sd_data.o(i.SdcardCreatProFile_Zyx)
    SdcardGenerFileName                      0x0800688d   Thumb Code   246  sd_log.o(i.SdcardGenerFileName)
    SdcardStatuCheck                         0x080069c1   Thumb Code    60  sd_log.o(i.SdcardStatuCheck)
    StartChargeTask                          0x08006a0d   Thumb Code    44  charge_task.o(i.StartChargeTask)
    StartDefaultTask                         0x08006a3d   Thumb Code   272  default_task.o(i.StartDefaultTask)
    StartIMUTask                             0x08006b6d   Thumb Code   154  imu_task.o(i.StartIMUTask)
    StartSDTask                              0x08006c25   Thumb Code   200  sd_task.o(i.StartSDTask)
    StartSafetyTask                          0x08006d0d   Thumb Code    50  safety_task.o(i.StartSafetyTask)
    SysTick_Handler                          0x08006d45   Thumb Code    20  stm32l4xx_it.o(i.SysTick_Handler)
    SystemClock_Config                       0x08006d59   Thumb Code   158  main.o(i.SystemClock_Config)
    SystemInit                               0x08006dfd   Thumb Code    68  system_stm32l4xx.o(i.SystemInit)
    TIM2_IRQHandler                          0x08006e4d   Thumb Code    10  stm32l4xx_it.o(i.TIM2_IRQHandler)
    TIM3_IRQHandler                          0x08006e5d   Thumb Code    10  stm32l4xx_it.o(i.TIM3_IRQHandler)
    TIM_Base_SetConfig                       0x08006e6d   Thumb Code   116  stm32l4xx_hal_tim.o(i.TIM_Base_SetConfig)
    TIM_ETR_SetConfig                        0x08006ef1   Thumb Code    22  stm32l4xx_hal_tim.o(i.TIM_ETR_SetConfig)
    UART4_IRQHandler                         0x08007009   Thumb Code    10  stm32l4xx_it.o(i.UART4_IRQHandler)
    UARTError_Handler                        0x08007019   Thumb Code     2  uart.o(i.UARTError_Handler)
    UART_AdvFeatureConfig                    0x0800701b   Thumb Code   248  stm32l4xx_hal_uart.o(i.UART_AdvFeatureConfig)
    UART_CheckIdleState                      0x08007113   Thumb Code   110  stm32l4xx_hal_uart.o(i.UART_CheckIdleState)
    UART_SetConfig                           0x08007359   Thumb Code   792  stm32l4xx_hal_uart.o(i.UART_SetConfig)
    UART_WaitOnFlagUntilTimeout              0x08007691   Thumb Code   180  stm32l4xx_hal_uart.o(i.UART_WaitOnFlagUntilTimeout)
    USART1_IRQHandler                        0x08007745   Thumb Code    10  stm32l4xx_it.o(i.USART1_IRQHandler)
    USART2_IRQHandler                        0x08007755   Thumb Code    10  stm32l4xx_it.o(i.USART2_IRQHandler)
    USART3_IRQHandler                        0x08007765   Thumb Code    10  stm32l4xx_it.o(i.USART3_IRQHandler)
    UartCommCheck                            0x08007775   Thumb Code    82  safety_task.o(i.UartCommCheck)
    UsageFault_Handler                       0x080077d9   Thumb Code     4  stm32l4xx_it.o(i.UsageFault_Handler)
    WriteLogFileParaHeadInfo                 0x080077dd   Thumb Code   908  sd_log.o(i.WriteLogFileParaHeadInfo)
    WriteProFileParaHeadInfo                 0x08007ca1   Thumb Code   220  sd_data.o(i.WriteProFileParaHeadInfo)
    __0sprintf$6                             0x08007ddd   Thumb Code    34  printf6.o(i.__0sprintf$6)
    __1sprintf$6                             0x08007ddd   Thumb Code     0  printf6.o(i.__0sprintf$6)
    __2sprintf                               0x08007ddd   Thumb Code     0  printf6.o(i.__0sprintf$6)
    __scatterload_copy                       0x08007e3d   Thumb Code    14  handlers.o(i.__scatterload_copy)
    __scatterload_null                       0x08007e4b   Thumb Code     2  handlers.o(i.__scatterload_null)
    __scatterload_zeroinit                   0x08007e4d   Thumb Code    14  handlers.o(i.__scatterload_zeroinit)
    ble_isconnected                          0x080081a9   Thumb Code    24  ble.o(i.ble_isconnected)
    ble_rx_tx_handle                         0x080081c5   Thumb Code   176  ble.o(i.ble_rx_tx_handle)
    ble_update_systime                       0x08008295   Thumb Code    30  ble.o(i.ble_update_systime)
    bq27421_i2c_command_read                 0x080082b9   Thumb Code    86  bq27421.o(i.bq27421_i2c_command_read)
    bq27421_i2c_command_write                0x08008315   Thumb Code    56  bq27421.o(i.bq27421_i2c_command_write)
    bq27421_i2c_control_write                0x08008351   Thumb Code    92  bq27421.o(i.bq27421_i2c_control_write)
    bq27421_i2c_read_data_block              0x080083b1   Thumb Code    84  bq27421.o(i.bq27421_i2c_read_data_block)
    bq27421_i2c_write_data_block             0x08008409   Thumb Code    76  bq27421.o(i.bq27421_i2c_write_data_block)
    bq27421_init                             0x08008459   Thumb Code   716  bq27421.o(i.bq27421_init)
    bq27421_readAvgCurrent_mA                0x08008735   Thumb Code    22  bq27421.o(i.bq27421_readAvgCurrent_mA)
    bq27421_readDesignCapacity_mAh           0x0800874b   Thumb Code    22  bq27421.o(i.bq27421_readDesignCapacity_mAh)
    bq27421_readFlagsReg                     0x08008761   Thumb Code    22  bq27421.o(i.bq27421_readFlagsReg)
    bq27421_readFullChargeCapacity_mAh       0x08008777   Thumb Code    22  bq27421.o(i.bq27421_readFullChargeCapacity_mAh)
    bq27421_readRemainingCapacity_mAh        0x0800878d   Thumb Code    22  bq27421.o(i.bq27421_readRemainingCapacity_mAh)
    bq27421_readStateofCharge_percent        0x080087a3   Thumb Code    22  bq27421.o(i.bq27421_readStateofCharge_percent)
    bq27421_readStateofHealth_percent        0x080087b9   Thumb Code    26  bq27421.o(i.bq27421_readStateofHealth_percent)
    bq27421_readTemp_degK                    0x080087d3   Thumb Code    22  bq27421.o(i.bq27421_readTemp_degK)
    bq27421_readVoltage_mV                   0x080087e9   Thumb Code    22  bq27421.o(i.bq27421_readVoltage_mV)
    bq27421_update                           0x08008801   Thumb Code   238  bq27421.o(i.bq27421_update)
    buf_init                                 0x08008901   Thumb Code    40  imu_task.o(i.buf_init)
    disk_initialize                          0x0800931d   Thumb Code    40  diskio.o(i.disk_initialize)
    disk_ioctl                               0x08009349   Thumb Code    36  diskio.o(i.disk_ioctl)
    disk_read                                0x08009371   Thumb Code    42  diskio.o(i.disk_read)
    disk_status                              0x080093a1   Thumb Code    24  diskio.o(i.disk_status)
    disk_write                               0x080093bd   Thumb Code    42  diskio.o(i.disk_write)
    f_close                                  0x08009415   Thumb Code    52  ff.o(i.f_close)
    f_lseek                                  0x08009449   Thumb Code   828  ff.o(i.f_lseek)
    f_mount                                  0x08009785   Thumb Code   128  ff.o(i.f_mount)
    f_open                                   0x08009809   Thumb Code   578  ff.o(i.f_open)
    f_sync                                   0x08009a4b   Thumb Code   176  ff.o(i.f_sync)
    f_write                                  0x08009afb   Thumb Code   580  ff.o(i.f_write)
    ff_convert                               0x08009d41   Thumb Code   116  cc936.o(i.ff_convert)
    ff_cre_syncobj                           0x08009dbd   Thumb Code    38  syscall.o(i.ff_cre_syncobj)
    ff_del_syncobj                           0x08009de3   Thumb Code    14  syscall.o(i.ff_del_syncobj)
    ff_rel_grant                             0x08009df1   Thumb Code    12  syscall.o(i.ff_rel_grant)
    ff_req_grant                             0x08009dfd   Thumb Code    24  syscall.o(i.ff_req_grant)
    ff_wtoupper                              0x08009e15   Thumb Code   156  cc936.o(i.ff_wtoupper)
    getVolPercent                            0x0800a335   Thumb Code   552  charge_task.o(i.getVolPercent)
    get_fattime                              0x0800a655   Thumb Code     4  fatfs.o(i.get_fattime)
    hex_u8print                              0x0800a6a1   Thumb Code    32  sd_data.o(i.hex_u8print)
    imuDataHexToChar                         0x0800a6c5   Thumb Code    92  sd_data.o(i.imuDataHexToChar)
    imuDataSaveTmp                           0x0800a729   Thumb Code    74  sd_data.o(i.imuDataSaveTmp)
    imuDataStartSaveSDCard                   0x0800a785   Thumb Code    96  sd_data.o(i.imuDataStartSaveSDCard)
    imu_data_handle_sequence                 0x0800a7fd   Thumb Code  1116  imu_task.o(i.imu_data_handle_sequence)
    imu_init                                 0x0800ac59   Thumb Code    24  imu_task.o(i.imu_init)
    imu_startMesure                          0x0800ac75   Thumb Code    28  imu_task.o(i.imu_startMesure)
    imu_stopMesure                           0x0800ac9d   Thumb Code    20  imu_task.o(i.imu_stopMesure)
    main                                     0x0800ade1   Thumb Code   164  main.o(i.main)
    osDelay                                  0x0800af2f   Thumb Code    24  cmsis_os.o(i.osDelay)
    osKernelRunning                          0x0800af47   Thumb Code    18  cmsis_os.o(i.osKernelRunning)
    osKernelStart                            0x0800af59   Thumb Code    10  cmsis_os.o(i.osKernelStart)
    osKernelSysTick                          0x0800af63   Thumb Code    20  cmsis_os.o(i.osKernelSysTick)
    osMessageCreate                          0x0800af77   Thumb Code    40  cmsis_os.o(i.osMessageCreate)
    osMessageGet                             0x0800afa1   Thumb Code   150  cmsis_os.o(i.osMessageGet)
    osMessagePut                             0x0800b03d   Thumb Code    92  cmsis_os.o(i.osMessagePut)
    osSemaphoreCreate                        0x0800b09d   Thumb Code    74  cmsis_os.o(i.osSemaphoreCreate)
    osSemaphoreDelete                        0x0800b0e7   Thumb Code    24  cmsis_os.o(i.osSemaphoreDelete)
    osSemaphoreRelease                       0x0800b101   Thumb Code    76  cmsis_os.o(i.osSemaphoreRelease)
    osSemaphoreWait                          0x0800b151   Thumb Code   100  cmsis_os.o(i.osSemaphoreWait)
    osThreadCreate                           0x0800b1b9   Thumb Code    94  cmsis_os.o(i.osThreadCreate)
    pvPortMalloc                             0x0800b9ed   Thumb Code   296  heap_4.o(i.pvPortMalloc)
    pvTaskIncrementMutexHeldCount            0x0800bb29   Thumb Code    26  tasks.o(i.pvTaskIncrementMutexHeldCount)
    pxPortInitialiseStack                    0x0800bb49   Thumb Code    38  port.o(i.pxPortInitialiseStack)
    syncHandle                               0x0800bc79   Thumb Code   176  imu_task.o(i.syncHandle)
    systime_Init                             0x0800be4d   Thumb Code    46  systime.o(i.systime_Init)
    systime_update                           0x0800be81   Thumb Code    68  systime.o(i.systime_update)
    uart1_sendStr                            0x0800bec9   Thumb Code    26  uart.o(i.uart1_sendStr)
    uart3_sendStr                            0x0800bee9   Thumb Code    26  uart.o(i.uart3_sendStr)
    uart_init                                0x0800bf09   Thumb Code    20  uart.o(i.uart_init)
    uxListRemove                             0x0800bf39   Thumb Code    40  list.o(i.uxListRemove)
    vApplicationGetIdleTaskMemory            0x0800bf61   Thumb Code    14  freertos.o(i.vApplicationGetIdleTaskMemory)
    vListInitialise                          0x0800bf79   Thumb Code    26  list.o(i.vListInitialise)
    vListInitialiseItem                      0x0800bf93   Thumb Code     6  list.o(i.vListInitialiseItem)
    vListInsert                              0x0800bf99   Thumb Code    52  list.o(i.vListInsert)
    vListInsertEnd                           0x0800bfcd   Thumb Code    24  list.o(i.vListInsertEnd)
    vPortEnterCritical                       0x0800bfe5   Thumb Code    76  port.o(i.vPortEnterCritical)
    vPortExitCritical                        0x0800c039   Thumb Code    56  port.o(i.vPortExitCritical)
    vPortFree                                0x0800c075   Thumb Code   140  heap_4.o(i.vPortFree)
    vPortSetupTimerInterrupt                 0x0800c109   Thumb Code    36  port.o(i.vPortSetupTimerInterrupt)
    vPortValidateInterruptPriority           0x0800c131   Thumb Code   106  port.o(i.vPortValidateInterruptPriority)
    vQueueDelete                             0x0800c1a9   Thumb Code    50  queue.o(i.vQueueDelete)
    vQueueUnregisterQueue                    0x0800c1dd   Thumb Code    44  queue.o(i.vQueueUnregisterQueue)
    vTaskDelay                               0x0800c20d   Thumb Code    82  tasks.o(i.vTaskDelay)
    vTaskInternalSetTimeOutState             0x0800c269   Thumb Code    14  tasks.o(i.vTaskInternalSetTimeOutState)
    vTaskMissedYield                         0x0800c281   Thumb Code     8  tasks.o(i.vTaskMissedYield)
    vTaskPlaceOnEventList                    0x0800c28d   Thumb Code    52  tasks.o(i.vTaskPlaceOnEventList)
    vTaskPriorityDisinheritAfterTimeout      0x0800c2c5   Thumb Code   230  tasks.o(i.vTaskPriorityDisinheritAfterTimeout)
    vTaskStartScheduler                      0x0800c3b9   Thumb Code   146  tasks.o(i.vTaskStartScheduler)
    vTaskSuspendAll                          0x0800c469   Thumb Code    12  tasks.o(i.vTaskSuspendAll)
    vTaskSwitchContext                       0x0800c479   Thumb Code   118  tasks.o(i.vTaskSwitchContext)
    xPortStartScheduler                      0x0800c559   Thumb Code   330  port.o(i.xPortStartScheduler)
    xPortSysTickHandler                      0x0800c6c1   Thumb Code    46  port.o(i.xPortSysTickHandler)
    xQueueGenericCreate                      0x0800c6f5   Thumb Code    96  queue.o(i.xQueueGenericCreate)
    xQueueGenericCreateStatic                0x0800c755   Thumb Code   224  queue.o(i.xQueueGenericCreateStatic)
    xQueueGenericReset                       0x0800c835   Thumb Code   146  queue.o(i.xQueueGenericReset)
    xQueueGenericSend                        0x0800c8cd   Thumb Code   420  queue.o(i.xQueueGenericSend)
    xQueueGenericSendFromISR                 0x0800ca75   Thumb Code   248  queue.o(i.xQueueGenericSendFromISR)
    xQueueGiveFromISR                        0x0800cb6d   Thumb Code   224  queue.o(i.xQueueGiveFromISR)
    xQueueReceive                            0x0800cc4d   Thumb Code   356  queue.o(i.xQueueReceive)
    xQueueReceiveFromISR                     0x0800cdb5   Thumb Code   202  queue.o(i.xQueueReceiveFromISR)
    xQueueSemaphoreTake                      0x0800ce81   Thumb Code   434  queue.o(i.xQueueSemaphoreTake)
    xTaskCheckForTimeOut                     0x0800d039   Thumb Code   132  tasks.o(i.xTaskCheckForTimeOut)
    xTaskCreate                              0x0800d0c5   Thumb Code   100  tasks.o(i.xTaskCreate)
    xTaskCreateStatic                        0x0800d129   Thumb Code   186  tasks.o(i.xTaskCreateStatic)
    xTaskGetSchedulerState                   0x0800d1e5   Thumb Code    24  tasks.o(i.xTaskGetSchedulerState)
    xTaskGetTickCount                        0x0800d205   Thumb Code     6  tasks.o(i.xTaskGetTickCount)
    xTaskGetTickCountFromISR                 0x0800d211   Thumb Code    16  tasks.o(i.xTaskGetTickCountFromISR)
    xTaskIncrementTick                       0x0800d225   Thumb Code   282  tasks.o(i.xTaskIncrementTick)
    xTaskPriorityDisinherit                  0x0800d36d   Thumb Code   188  tasks.o(i.xTaskPriorityDisinherit)
    xTaskPriorityInherit                     0x0800d435   Thumb Code   186  tasks.o(i.xTaskPriorityInherit)
    xTaskRemoveFromEventList                 0x0800d4fd   Thumb Code   128  tasks.o(i.xTaskRemoveFromEventList)
    xTaskResumeAll                           0x0800d595   Thumb Code   224  tasks.o(i.xTaskResumeAll)
    HardwareVersion                          0x0800d724   Data          20  sd_log.o(.constdata)
    SoftwareVersion                          0x0800d738   Data          22  sd_log.o(.constdata)
    ProductNumberName                        0x0800d74e   Data          15  sd_log.o(.constdata)
    NonLeapMonth                             0x0800d75d   Data          13  systime.o(.constdata)
    LeapMonth                                0x0800d76a   Data          13  systime.o(.constdata)
    SD_Driver                                0x0800d778   Data          20  sd_diskio_1.o(.constdata)
    AHBPrescTable                            0x0803837c   Data          16  system_stm32l4xx.o(.constdata)
    APBPrescTable                            0x0803838c   Data           8  system_stm32l4xx.o(.constdata)
    MSIRangeTable                            0x08038394   Data          48  system_stm32l4xx.o(.constdata)
    Region$$Table$$Base                      0x08038404   Number         0  anon$$obj.o(Region$$Table)
    Region$$Table$$Limit                     0x08038424   Number         0  anon$$obj.o(Region$$Table)
    sQueueCnt                                0x20000000   Data           2  imu_task.o(.data)
    sysTime_ms                               0x20000004   Data           4  imu_task.o(.data)
    sysTime_sync_it                          0x20000008   Data           4  imu_task.o(.data)
    sysTime_uart_it                          0x2000000c   Data           4  imu_task.o(.data)
    sysTime_ua_min_sy                        0x20000010   Data           4  imu_task.o(.data)
    sysTimegetFlag                           0x20000014   Data           1  imu_task.o(.data)
    imuDataRecErro                           0x20000018   Data           4  imu_task.o(.data)
    uart1Com                                 0x2000001c   Data           4  imu_task.o(.data)
    uart2Com                                 0x20000020   Data           4  imu_task.o(.data)
    uart3Com                                 0x20000024   Data           4  imu_task.o(.data)
    uart4Com                                 0x20000028   Data           4  imu_task.o(.data)
    getSYNCFlag                              0x2000002c   Data           1  imu_task.o(.data)
    SYNCFnished                              0x2000002d   Data           1  imu_task.o(.data)
    GotoConfig                               0x2000002e   Data           5  imu_task.o(.data)
    GotoMesure                               0x20000033   Data           5  imu_task.o(.data)
    sa                                       0x20000038   Data           4  imu_task.o(.data)
    acc_16                                   0x2000003c   Data           2  imu_task.o(.data)
    acc_16_1                                 0x2000003e   Data           2  imu_task.o(.data)
    acc_16_2                                 0x20000040   Data           2  imu_task.o(.data)
    acc_16_3                                 0x20000042   Data           2  imu_task.o(.data)
    gyr_16                                   0x20000044   Data           2  imu_task.o(.data)
    gyr_16_1                                 0x20000046   Data           2  imu_task.o(.data)
    gyr_16_2                                 0x20000048   Data           2  imu_task.o(.data)
    gyr_16_3                                 0x2000004a   Data           2  imu_task.o(.data)
    acc                                      0x2000004c   Data           4  imu_task.o(.data)
    saout                                    0x20000050   Data           4  imu_task.o(.data)
    SeqErro                                  0x20000054   Data           2  imu_task.o(.data)
    seqCnt                                   0x20000056   Data           2  imu_task.o(.data)
    SdTaskCount                              0x20000060   Data           1  sd_task.o(.data)
    SD_InitializeResult                      0x20000061   Data           1  sd_task.o(.data)
    SdWriteLogDataQueue                      0x20000064   Data           4  sd_task.o(.data)
    SdWriteProDataQueue                      0x20000068   Data           4  sd_task.o(.data)
    vSdcardExitFlag                          0x2000006c   Data           1  sd_task.o(.data)
    sdRecCount                               0x2000006e   Data           2  sd_task.o(.data)
    defaultTaskHandle                        0x20000070   Data           4  main.o(.data)
    SDTaskHandle                             0x20000074   Data           4  main.o(.data)
    IMUTaskHandle                            0x20000078   Data           4  main.o(.data)
    ChargeTaskHandle                         0x2000007c   Data           4  main.o(.data)
    SafetyTaskHandle                         0x20000080   Data           4  main.o(.data)
    vol_percent                              0x20000086   Data           1  charge_task.o(.data)
    old_percent                              0x20000087   Data           1  charge_task.o(.data)
    error_code                               0x20000094   Data           4  safety_task.o(.data)
    pwrDataQueue                             0x20000098   Data           4  safety_task.o(.data)
    recPwrData                               0x2000009c   Data           2  safety_task.o(.data)
    vFatsFileCreat                           0x200000a4   Data           1  sd_log.o(.data)
    vFatsLogFileCreat                        0x200000a5   Data           1  sd_log.o(.data)
    vFatsOpStatu                             0x200000a6   Data           1  sd_log.o(.data)
    BLE_RTC                                  0x200000a7   Data           8  sd_log.o(.data)
    vFileTypeLog                             0x200000b0   Data           4  sd_log.o(.data)
    vFileTypePro                             0x200000b4   Data           4  sd_log.o(.data)
    vFatsProFileCreat                        0x200000b8   Data           1  sd_data.o(.data)
    imuSave_len                              0x200000ba   Data           2  sd_data.o(.data)
    imuSave_startFlag                        0x200000bc   Data           2  sd_data.o(.data)
    Hex_Data                                 0x200000be   Data         100  sd_data.o(.data)
    temple_buf                               0x20000122   Data           3  sd_data.o(.data)
    tmpSendInfolen                           0x20000126   Data           2  sd_data.o(.data)
    systime                                  0x20000128   Data           7  systime.o(.data)
    bleConnected                             0x20000130   Data           6  ble.o(.data)
    bleDisconnected                          0x20000136   Data           6  ble.o(.data)
    bleSendVol                               0x2000013c   Data           6  ble.o(.data)
    bleSendVersion                           0x20000142   Data           6  ble.o(.data)
    bleSendState                             0x20000148   Data           7  ble.o(.data)
    ble_data                                 0x20000150   Data           8  ble.o(.data)
    retSD                                    0x20000160   Data           1  fatfs.o(.data)
    SDPath                                   0x20000161   Data           4  fatfs.o(.data)
    pxCurrentTCB                             0x20000170   Data           4  tasks.o(.data)
    uwTick                                   0x200001d0   Data           4  stm32l4xx_hal.o(.data)
    uwTickPrio                               0x200001d4   Data           4  stm32l4xx_hal.o(.data)
    uwTickFreq                               0x200001d8   Data           1  stm32l4xx_hal.o(.data)
    SystemCoreClock                          0x200001dc   Data           4  system_stm32l4xx.o(.data)
    send2Datax                               0x200001e0   Data          70  uart.o(.data)
    uRec_num                                 0x20000226   Data           1  uart.o(.data)
    aRx1Buffer                               0x20000227   Data           1  uart.o(.data)
    aRx2Buffer                               0x20000228   Data           1  uart.o(.data)
    aRx3Buffer                               0x20000229   Data           1  uart.o(.data)
    aRx4Buffer                               0x2000022a   Data           1  uart.o(.data)
    rxRec1Cnt                                0x2000022b   Data           1  uart.o(.data)
    rxRec2Cnt                                0x2000022c   Data           1  uart.o(.data)
    rxRec3Cnt                                0x2000022d   Data           1  uart.o(.data)
    rxRec4Cnt                                0x2000022e   Data           1  uart.o(.data)
    RXBLE_Flag                               0x2000022f   Data           1  uart.o(.data)
    sConvertBuf                              0x20000230   Data          50  imu_task.o(.bss)
    convertBuf2Send                          0x20000262   Data          50  imu_task.o(.bss)
    IMUSeqSave                               0x20000294   Data        2560  imu_task.o(.bss)
    hiwdg                                    0x20000c94   Data          16  main.o(.bss)
    hi2c4                                    0x20000ca4   Data          76  main.o(.bss)
    hsd1                                     0x20000cf0   Data         132  main.o(.bss)
    hdma_sdmmc1_rx                           0x20000d74   Data          72  main.o(.bss)
    hdma_sdmmc1_tx                           0x20000dbc   Data          72  main.o(.bss)
    hdma_uart4_tx                            0x20000e04   Data          72  main.o(.bss)
    hdma_usart1_rx                           0x20000e4c   Data          72  main.o(.bss)
    hdma_usart1_tx                           0x20000e94   Data          72  main.o(.bss)
    hdma_usart2_tx                           0x20000edc   Data          72  main.o(.bss)
    hdma_usart2_rx                           0x20000f24   Data          72  main.o(.bss)
    hdma_usart3_rx                           0x20000f6c   Data          72  main.o(.bss)
    hdma_usart3_tx                           0x20000fb4   Data          72  main.o(.bss)
    bq_dat                                   0x20001000   Data          32  charge_task.o(.bss)
    FaultType                                0x20001020   Data          15  safety_task.o(.bss)
    vStReadFile                              0x20001030   Data         560  sd_log.o(.bss)
    vStWirteFile                             0x20001260   Data         560  sd_log.o(.bss)
    vStLogWrFileInf                          0x20001490   Data         354  sd_log.o(.bss)
    vStReFile                                0x200015f2   Data         356  sd_log.o(.bss)
    vLogSdFileHeadInfoPar                    0x20001756   Data         300  sd_log.o(.bss)
    vSysDataTime                             0x20001882   Data          14  sd_log.o(.bss)
    vLogFileTypeName                         0x20001890   Data           9  sd_log.o(.bss)
    vProFileTypeName                         0x20001899   Data           9  sd_log.o(.bss)
    LogWriteBuf                              0x200018a2   Data         100  sd_log.o(.bss)
    vSdFileHeadInfoProd                      0x20001906   Data         100  sd_log.o(.bss)
    vProSdFileHeadInfoPar                    0x20001ae8   Data         200  sd_data.o(.bss)
    vStProWrFileInf                          0x20001bb0   Data         354  sd_data.o(.bss)
    imuSave_tmp                              0x20001d12   Data         465  sd_data.o(.bss)
    vSDReadFile                              0x20001ee4   Data         560  sd_data.o(.bss)
    vSDWirteFile                             0x20002114   Data         560  sd_data.o(.bss)
    vSDWirteProFile                          0x20002344   Data         560  sd_data.o(.bss)
    objectBuf                                0x20002574   Data         100  sd_data.o(.bss)
    imuSaveDatBuf                            0x200025d8   Data        1860  sd_data.o(.bss)
    tmpProWriteInfo                          0x20002d1c   Data         514  sd_data.o(.bss)
    SDFatFS                                  0x200032d8   Data         568  fatfs.o(.bss)
    SDFile                                   0x20003510   Data         560  fatfs.o(.bss)
    disk                                     0x20003760   Data          12  ff_gen_drv.o(.bss)
    xQueueRegistry                           0x2000376c   Data          64  queue.o(.bss)
    huart4                                   0x20004c24   Data         128  uart.o(.bss)
    huart1                                   0x20004ca4   Data         128  uart.o(.bss)
    huart2                                   0x20004d24   Data         128  uart.o(.bss)
    huart3                                   0x20004da4   Data         128  uart.o(.bss)
    uart1_rxbuffer                           0x20004e24   Data         100  uart.o(.bss)
    uart2_rxbuffer                           0x20004e88   Data         100  uart.o(.bss)
    uart3_rxbuffer                           0x20004eec   Data         100  uart.o(.bss)
    uart4_rxbuffer                           0x20004f50   Data          10  uart.o(.bss)
    imu1_rxbuf                               0x20004f5a   Data          40  uart.o(.bss)
    imu2_rxbuf                               0x20004f82   Data          40  uart.o(.bss)
    rxBleCommBuf                             0x20004faa   Data          10  uart.o(.bss)
    buff                                     0x20004fb4   Data          35  uart.o(.bss)
    htim1                                    0x20004fd8   Data          76  tim.o(.bss)
    htim2                                    0x20005024   Data          76  tim.o(.bss)
    htim3                                    0x20005070   Data          76  tim.o(.bss)
    __initial_sp                             0x200058c0   Data           0  startup_stm32l451xx.o(STACK)



==============================================================================

Memory Map of the image

  Image Entry point : 0x08000195

  Load Region LR_IROM1 (Base: 0x08000000, Size: 0x00038654, Max: 0x00080000, ABSOLUTE, COMPRESSED[0x000384b8])

    Execution Region ER_IROM1 (Base: 0x08000000, Size: 0x00038424, Max: 0x00080000, ABSOLUTE)

    Base Addr    Size         Type   Attr      Idx    E Section Name        Object

    0x08000000   0x00000194   Data   RO          589    RESET               startup_stm32l451xx.o
    0x08000194   0x00000000   Code   RO         7823  * .ARM.Collect$$$$00000000  mc_w.l(entry.o)
    0x08000194   0x00000004   Code   RO         8111    .ARM.Collect$$$$00000001  mc_w.l(entry2.o)
    0x08000198   0x00000004   Code   RO         8114    .ARM.Collect$$$$00000004  mc_w.l(entry5.o)
    0x0800019c   0x00000000   Code   RO         8116    .ARM.Collect$$$$00000008  mc_w.l(entry7b.o)
    0x0800019c   0x00000000   Code   RO         8118    .ARM.Collect$$$$0000000A  mc_w.l(entry8b.o)
    0x0800019c   0x00000008   Code   RO         8119    .ARM.Collect$$$$0000000B  mc_w.l(entry9a.o)
    0x080001a4   0x00000000   Code   RO         8121    .ARM.Collect$$$$0000000D  mc_w.l(entry10a.o)
    0x080001a4   0x00000000   Code   RO         8123    .ARM.Collect$$$$0000000F  mc_w.l(entry11a.o)
    0x080001a4   0x00000004   Code   RO         8112    .ARM.Collect$$$$00002712  mc_w.l(entry2.o)
    0x080001a8   0x000000be   Code   RO         3476    .emb_text           port.o
    0x08000266   0x00000002   PAD
    0x08000268   0x00000024   Code   RO          590    .text               startup_stm32l451xx.o
    0x0800028c   0x00000062   Code   RO         7826    .text               mc_w.l(uldiv.o)
    0x080002ee   0x00000024   Code   RO         7828    .text               mc_w.l(memcpya.o)
    0x08000312   0x00000024   Code   RO         7832    .text               mc_w.l(memseta.o)
    0x08000336   0x00000018   Code   RO         7834    .text               mc_w.l(strcat.o)
    0x0800034e   0x0000000e   Code   RO         7836    .text               mc_w.l(strlen.o)
    0x0800035c   0x0000014e   Code   RO         8101    .text               mf_w.l(dadd.o)
    0x080004aa   0x000000e4   Code   RO         8103    .text               mf_w.l(dmul.o)
    0x0800058e   0x000000de   Code   RO         8105    .text               mf_w.l(ddiv.o)
    0x0800066c   0x0000001a   Code   RO         8107    .text               mf_w.l(dfltui.o)
    0x08000686   0x00000032   Code   RO         8109    .text               mf_w.l(dfixui.o)
    0x080006b8   0x0000002c   Code   RO         8128    .text               mc_w.l(uidiv.o)
    0x080006e4   0x0000001e   Code   RO         8130    .text               mc_w.l(llshl.o)
    0x08000702   0x00000020   Code   RO         8132    .text               mc_w.l(llushr.o)
    0x08000722   0x00000024   Code   RO         8134    .text               mc_w.l(llsshr.o)
    0x08000746   0x00000000   Code   RO         8136    .text               mc_w.l(iusefp.o)
    0x08000746   0x000000ba   Code   RO         8137    .text               mf_w.l(depilogue.o)
    0x08000800   0x00000024   Code   RO         8143    .text               mc_w.l(init.o)
    0x08000824   0x00000056   Code   RO         8155    .text               mc_w.l(__dczerorl2.o)
    0x0800087a   0x00000002   PAD
    0x0800087c   0x00000018   Code   RO         1552    i.BSP_PlatformIsDetected  fatfs_platform.o
    0x08000894   0x00000002   Code   RO         1419    i.BSP_SD_AbortCallback  bsp_driver_sd.o
    0x08000896   0x00000002   PAD
    0x08000898   0x00000014   Code   RO         1423    i.BSP_SD_GetCardInfo  bsp_driver_sd.o
    0x080008ac   0x00000018   Code   RO         1424    i.BSP_SD_GetCardState  bsp_driver_sd.o
    0x080008c4   0x00000030   Code   RO         1426    i.BSP_SD_Init       bsp_driver_sd.o
    0x080008f4   0x00000016   Code   RO         1427    i.BSP_SD_IsDetected  bsp_driver_sd.o
    0x0800090a   0x00000002   PAD
    0x0800090c   0x00000034   Code   RO         1429    i.BSP_SD_ReadBlocks_DMA  bsp_driver_sd.o
    0x08000940   0x00000018   Code   RO         1576    i.BSP_SD_ReadCpltCallback  sd_diskio_1.o
    0x08000958   0x00000034   Code   RO         1432    i.BSP_SD_WriteBlocks_DMA  bsp_driver_sd.o
    0x0800098c   0x00000018   Code   RO         1577    i.BSP_SD_WriteCpltCallback  sd_diskio_1.o
    0x080009a4   0x00000164   Code   RO          543    i.BatteryStateCheck  safety_task.o
    0x08000b08   0x00000030   Code   RO          544    i.BleStateCheck     safety_task.o
    0x08000b38   0x00000004   Code   RO         1168    i.BusFault_Handler  stm32l4xx_it.o
    0x08000b3c   0x000000c4   Code   RO         1028    i.Calendar_Timer    systime.o
    0x08000c00   0x00000022   Code   RO          968    i.CheckSum          utility.o
    0x08000c22   0x00000002   PAD
    0x08000c24   0x00000010   Code   RO         1169    i.DMA1_Channel2_IRQHandler  stm32l4xx_it.o
    0x08000c34   0x00000010   Code   RO         1170    i.DMA1_Channel3_IRQHandler  stm32l4xx_it.o
    0x08000c44   0x00000010   Code   RO         1171    i.DMA1_Channel4_IRQHandler  stm32l4xx_it.o
    0x08000c54   0x00000010   Code   RO         1172    i.DMA1_Channel5_IRQHandler  stm32l4xx_it.o
    0x08000c64   0x00000010   Code   RO         1173    i.DMA1_Channel6_IRQHandler  stm32l4xx_it.o
    0x08000c74   0x00000010   Code   RO         1174    i.DMA1_Channel7_IRQHandler  stm32l4xx_it.o
    0x08000c84   0x00000010   Code   RO         1175    i.DMA2_Channel3_IRQHandler  stm32l4xx_it.o
    0x08000c94   0x00000010   Code   RO         1176    i.DMA2_Channel4_IRQHandler  stm32l4xx_it.o
    0x08000ca4   0x00000010   Code   RO         1177    i.DMA2_Channel5_IRQHandler  stm32l4xx_it.o
    0x08000cb4   0x00000030   Code   RO         4889    i.DMA_SetConfig     stm32l4xx_hal_dma.o
    0x08000ce4   0x00000002   Code   RO         1178    i.DebugMon_Handler  stm32l4xx_it.o
    0x08000ce6   0x0000000a   Code   RO         1179    i.EXTI0_IRQHandler  stm32l4xx_it.o
    0x08000cf0   0x0000000c   Code   RO         1180    i.EXTI15_10_IRQHandler  stm32l4xx_it.o
    0x08000cfc   0x00000002   Code   RO          387    i.Error_Handler     main.o
    0x08000cfe   0x00000012   Code   RO         2135    i.FATFS_LinkDriver  ff_gen_drv.o
    0x08000d10   0x00000054   Code   RO         2136    i.FATFS_LinkDriverEx  ff_gen_drv.o
    0x08000d64   0x0000007c   Code   RO          748    i.FileInfoInit      sd_log.o
    0x08000de0   0x000000d0   Code   RO          749    i.GetSystemDataTime  sd_log.o
    0x08000eb0   0x0000005a   Code   RO         4890    i.HAL_DMA_Abort     stm32l4xx_hal_dma.o
    0x08000f0a   0x0000005c   Code   RO         4891    i.HAL_DMA_Abort_IT  stm32l4xx_hal_dma.o
    0x08000f66   0x00000002   PAD
    0x08000f68   0x000000c4   Code   RO         4892    i.HAL_DMA_DeInit    stm32l4xx_hal_dma.o
    0x0800102c   0x000000fe   Code   RO         4895    i.HAL_DMA_IRQHandler  stm32l4xx_hal_dma.o
    0x0800112a   0x00000002   PAD
    0x0800112c   0x0000010c   Code   RO         4896    i.HAL_DMA_Init      stm32l4xx_hal_dma.o
    0x08001238   0x0000009c   Code   RO         4900    i.HAL_DMA_Start_IT  stm32l4xx_hal_dma.o
    0x080012d4   0x00000028   Code   RO         3563    i.HAL_Delay         stm32l4xx_hal.o
    0x080012fc   0x00000058   Code   RO            4    i.HAL_GPIO_EXTI_Callback  imu_task.o
    0x08001354   0x0000001c   Code   RO         4825    i.HAL_GPIO_EXTI_IRQHandler  stm32l4xx_hal_gpio.o
    0x08001370   0x000001c8   Code   RO         4826    i.HAL_GPIO_Init     stm32l4xx_hal_gpio.o
    0x08001538   0x00000010   Code   RO         4828    i.HAL_GPIO_ReadPin  stm32l4xx_hal_gpio.o
    0x08001548   0x0000000a   Code   RO         4830    i.HAL_GPIO_WritePin  stm32l4xx_hal_gpio.o
    0x08001552   0x00000002   PAD
    0x08001554   0x0000000c   Code   RO         3567    i.HAL_GetTick       stm32l4xx_hal.o
    0x08001560   0x0000006a   Code   RO         4252    i.HAL_I2CEx_ConfigAnalogFilter  stm32l4xx_hal_i2c_ex.o
    0x080015ca   0x00000068   Code   RO         4253    i.HAL_I2CEx_ConfigDigitalFilter  stm32l4xx_hal_i2c_ex.o
    0x08001632   0x00000002   PAD
    0x08001634   0x000000c4   Code   RO         3801    i.HAL_I2C_Init      stm32l4xx_hal_i2c.o
    0x080016f8   0x00000164   Code   RO         3807    i.HAL_I2C_Master_Receive  stm32l4xx_hal_i2c.o
    0x0800185c   0x00000160   Code   RO         3814    i.HAL_I2C_Master_Transmit  stm32l4xx_hal_i2c.o
    0x080019bc   0x0000007c   Code   RO         1341    i.HAL_I2C_MspInit   stm32l4xx_hal_msp.o
    0x08001a38   0x00000062   Code   RO         5520    i.HAL_IWDG_Init     stm32l4xx_hal_iwdg.o
    0x08001a9a   0x0000000e   Code   RO         5521    i.HAL_IWDG_Refresh  stm32l4xx_hal_iwdg.o
    0x08001aa8   0x00000018   Code   RO         3573    i.HAL_IncTick       stm32l4xx_hal.o
    0x08001ac0   0x0000001e   Code   RO         3574    i.HAL_Init          stm32l4xx_hal.o
    0x08001ade   0x00000002   PAD
    0x08001ae0   0x00000058   Code   RO         3575    i.HAL_InitTick      stm32l4xx_hal.o
    0x08001b38   0x00000040   Code   RO         1342    i.HAL_MspInit       stm32l4xx_hal_msp.o
    0x08001b78   0x00000028   Code   RO         5313    i.HAL_NVIC_EnableIRQ  stm32l4xx_hal_cortex.o
    0x08001ba0   0x0000007c   Code   RO         5319    i.HAL_NVIC_SetPriority  stm32l4xx_hal_cortex.o
    0x08001c1c   0x00000028   Code   RO         5320    i.HAL_NVIC_SetPriorityGrouping  stm32l4xx_hal_cortex.o
    0x08001c44   0x0000008c   Code   RO         5117    i.HAL_PWREx_ControlVoltageScaling  stm32l4xx_hal_pwr_ex.o
    0x08001cd0   0x00000010   Code   RO         5140    i.HAL_PWREx_GetVoltageRange  stm32l4xx_hal_pwr_ex.o
    0x08001ce0   0x000006f4   Code   RO         4426    i.HAL_RCCEx_GetPeriphCLKFreq  stm32l4xx_hal_rcc_ex.o
    0x080023d4   0x000003c4   Code   RO         4429    i.HAL_RCCEx_PeriphCLKConfig  stm32l4xx_hal_rcc_ex.o
    0x08002798   0x0000017c   Code   RO         4307    i.HAL_RCC_ClockConfig  stm32l4xx_hal_rcc.o
    0x08002914   0x0000000c   Code   RO         4311    i.HAL_RCC_GetHCLKFreq  stm32l4xx_hal_rcc.o
    0x08002920   0x00000024   Code   RO         4313    i.HAL_RCC_GetPCLK1Freq  stm32l4xx_hal_rcc.o
    0x08002944   0x00000024   Code   RO         4314    i.HAL_RCC_GetPCLK2Freq  stm32l4xx_hal_rcc.o
    0x08002968   0x000000e8   Code   RO         4315    i.HAL_RCC_GetSysClockFreq  stm32l4xx_hal_rcc.o
    0x08002a50   0x00000768   Code   RO         4318    i.HAL_RCC_OscConfig  stm32l4xx_hal_rcc.o
    0x080031b8   0x0000000a   Code   RO         1434    i.HAL_SD_AbortCallback  bsp_driver_sd.o
    0x080031c2   0x00000002   PAD
    0x080031c4   0x000000c4   Code   RO         5846    i.HAL_SD_ConfigWideBusOperation  stm32l4xx_hal_sd.o
    0x08003288   0x00000002   Code   RO         5849    i.HAL_SD_ErrorCallback  stm32l4xx_hal_sd.o
    0x0800328a   0x00000002   PAD
    0x0800328c   0x000001c8   Code   RO         5851    i.HAL_SD_GetCardCSD  stm32l4xx_hal_sd.o
    0x08003454   0x00000026   Code   RO         5852    i.HAL_SD_GetCardInfo  stm32l4xx_hal_sd.o
    0x0800347a   0x00000024   Code   RO         5853    i.HAL_SD_GetCardState  stm32l4xx_hal_sd.o
    0x0800349e   0x00000002   PAD
    0x080034a0   0x00000204   Code   RO         5857    i.HAL_SD_IRQHandler  stm32l4xx_hal_sd.o
    0x080036a4   0x0000003c   Code   RO         5858    i.HAL_SD_Init       stm32l4xx_hal_sd.o
    0x080036e0   0x000000fc   Code   RO         5859    i.HAL_SD_InitCard   stm32l4xx_hal_sd.o
    0x080037dc   0x00000168   Code   RO         1344    i.HAL_SD_MspInit    stm32l4xx_hal_msp.o
    0x08003944   0x00000124   Code   RO         5863    i.HAL_SD_ReadBlocks_DMA  stm32l4xx_hal_sd.o
    0x08003a68   0x0000000a   Code   RO         1435    i.HAL_SD_RxCpltCallback  bsp_driver_sd.o
    0x08003a72   0x0000000a   Code   RO         1436    i.HAL_SD_TxCpltCallback  bsp_driver_sd.o
    0x08003a7c   0x00000128   Code   RO         5868    i.HAL_SD_WriteBlocks_DMA  stm32l4xx_hal_sd.o
    0x08003ba4   0x00000034   Code   RO         5324    i.HAL_SYSTICK_Config  stm32l4xx_hal_cortex.o
    0x08003bd8   0x00000002   Code   RO         6843    i.HAL_TIMEx_Break2Callback  stm32l4xx_hal_tim_ex.o
    0x08003bda   0x00000002   Code   RO         6844    i.HAL_TIMEx_BreakCallback  stm32l4xx_hal_tim_ex.o
    0x08003bdc   0x00000002   Code   RO         6845    i.HAL_TIMEx_CommutCallback  stm32l4xx_hal_tim_ex.o
    0x08003bde   0x00000002   PAD
    0x08003be0   0x00000094   Code   RO         6865    i.HAL_TIMEx_MasterConfigSynchronization  stm32l4xx_hal_tim_ex.o
    0x08003c74   0x0000006e   Code   RO         6118    i.HAL_TIM_Base_Init  stm32l4xx_hal_tim.o
    0x08003ce2   0x00000002   PAD
    0x08003ce4   0x000000e4   Code   RO         1346    i.HAL_TIM_Base_MspInit  stm32l4xx_hal_msp.o
    0x08003dc8   0x00000002   Code   RO         6152    i.HAL_TIM_IC_CaptureCallback  stm32l4xx_hal_tim.o
    0x08003dca   0x000001b8   Code   RO         6166    i.HAL_TIM_IRQHandler  stm32l4xx_hal_tim.o
    0x08003f82   0x00000002   Code   RO         6169    i.HAL_TIM_OC_DelayElapsedCallback  stm32l4xx_hal_tim.o
    0x08003f84   0x00000002   Code   RO         6196    i.HAL_TIM_PWM_PulseFinishedCallback  stm32l4xx_hal_tim.o
    0x08003f86   0x00000002   Code   RO         6204    i.HAL_TIM_PeriodElapsedCallback  stm32l4xx_hal_tim.o
    0x08003f88   0x0000006c   Code   RO         6207    i.HAL_TIM_SlaveConfigSynchro  stm32l4xx_hal_tim.o
    0x08003ff4   0x00000002   Code   RO         6209    i.HAL_TIM_TriggerCallback  stm32l4xx_hal_tim.o
    0x08003ff6   0x00000002   Code   RO         7514    i.HAL_UARTEx_WakeupCallback  stm32l4xx_hal_uart_ex.o
    0x08003ff8   0x00000002   Code   RO         7152    i.HAL_UART_ErrorCallback  stm32l4xx_hal_uart.o
    0x08003ffa   0x00000002   PAD
    0x08003ffc   0x000001b8   Code   RO         7155    i.HAL_UART_IRQHandler  stm32l4xx_hal_uart.o
    0x080041b4   0x00000074   Code   RO         7156    i.HAL_UART_Init     stm32l4xx_hal_uart.o
    0x08004228   0x00000384   Code   RO         1349    i.HAL_UART_MspInit  stm32l4xx_hal_msp.o
    0x080045ac   0x000000e4   Code   RO         7161    i.HAL_UART_Receive_IT  stm32l4xx_hal_uart.o
    0x08004690   0x00000324   Code   RO         7615    i.HAL_UART_RxCpltCallback  uart.o
    0x080049b4   0x000000b4   Code   RO         7166    i.HAL_UART_Transmit_DMA  stm32l4xx_hal_uart.o
    0x08004a68   0x00000002   Code   RO         7168    i.HAL_UART_TxCpltCallback  stm32l4xx_hal_uart.o
    0x08004a6a   0x00000002   Code   RO         7169    i.HAL_UART_TxHalfCpltCallback  stm32l4xx_hal_uart.o
    0x08004a6c   0x00000004   Code   RO         1181    i.HardFault_Handler  stm32l4xx_it.o
    0x08004a70   0x0000000c   Code   RO         7724    i.HardwareInit      board.o
    0x08004a7c   0x00000018   Code   RO          862    i.HexToChar         sd_data.o
    0x08004a94   0x00000028   Code   RO         3848    i.I2C_Flush_TXDR    stm32l4xx_hal_i2c.o
    0x08004abc   0x00000098   Code   RO         3856    i.I2C_IsAcknowledgeFailed  stm32l4xx_hal_i2c.o
    0x08004b54   0x00000034   Code   RO         3863    i.I2C_TransferConfig  stm32l4xx_hal_i2c.o
    0x08004b88   0x0000005e   Code   RO         3865    i.I2C_WaitOnFlagUntilTimeout  stm32l4xx_hal_i2c.o
    0x08004be6   0x00000002   PAD
    0x08004be8   0x000000a0   Code   RO         3866    i.I2C_WaitOnRXNEFlagUntilTimeout  stm32l4xx_hal_i2c.o
    0x08004c88   0x00000056   Code   RO         3867    i.I2C_WaitOnSTOPFlagUntilTimeout  stm32l4xx_hal_i2c.o
    0x08004cde   0x0000005a   Code   RO         3868    i.I2C_WaitOnTXISFlagUntilTimeout  stm32l4xx_hal_i2c.o
    0x08004d38   0x00000010   Code   RO         7801    i.IWDG_Feed         wdg.o
    0x08004d48   0x0000003e   Code   RO         1029    i.IsLeap            systime.o
    0x08004d86   0x00000002   PAD
    0x08004d88   0x000000d0   Code   RO          388    i.MX_DMA_Init       main.o
    0x08004e58   0x0000001c   Code   RO         1651    i.MX_FATFS_Init     fatfs.o
    0x08004e74   0x00000134   Code   RO          389    i.MX_GPIO_Init      main.o
    0x08004fa8   0x00000058   Code   RO          390    i.MX_I2C4_Init      main.o
    0x08005000   0x0000002c   Code   RO          391    i.MX_IWDG_Init      main.o
    0x0800502c   0x00000024   Code   RO          392    i.MX_SDMMC1_SD_Init  main.o
    0x08005050   0x00000060   Code   RO         7764    i.MX_TIM3_Init      tim.o
    0x080050b0   0x00000058   Code   RO         7616    i.MX_UART4_Init     uart.o
    0x08005108   0x00000064   Code   RO         7617    i.MX_USART1_UART_Init  uart.o
    0x0800516c   0x00000058   Code   RO         7618    i.MX_USART2_UART_Init  uart.o
    0x080051c4   0x00000064   Code   RO         7619    i.MX_USART3_UART_Init  uart.o
    0x08005228   0x00000004   Code   RO         1182    i.MemManage_Handler  stm32l4xx_it.o
    0x0800522c   0x00000002   Code   RO         1183    i.NMI_Handler       stm32l4xx_it.o
    0x0800522e   0x00000002   PAD
    0x08005230   0x0000011c   Code   RO         4432    i.RCCEx_GetSAIxPeriphCLKFreq  stm32l4xx_hal_rcc_ex.o
    0x0800534c   0x00000188   Code   RO         4433    i.RCCEx_PLLSAI1_Config  stm32l4xx_hal_rcc_ex.o
    0x080054d4   0x0000009c   Code   RO         4319    i.RCC_SetFlashLatencyFromMSIRange  stm32l4xx_hal_rcc.o
    0x08005570   0x000000a0   Code   RO         1030    i.ReturnWeekDay     systime.o
    0x08005610   0x00000010   Code   RO         1184    i.SDMMC1_IRQHandler  stm32l4xx_it.o
    0x08005620   0x00000038   Code   RO         5550    i.SDMMC_CmdAppCommand  stm32l4xx_ll_sdmmc.o
    0x08005658   0x0000003c   Code   RO         5551    i.SDMMC_CmdAppOperCommand  stm32l4xx_ll_sdmmc.o
    0x08005694   0x00000038   Code   RO         5552    i.SDMMC_CmdBlockLength  stm32l4xx_ll_sdmmc.o
    0x080056cc   0x00000038   Code   RO         5553    i.SDMMC_CmdBusWidth  stm32l4xx_ll_sdmmc.o
    0x08005704   0x0000002c   Code   RO         5557    i.SDMMC_CmdGoIdleState  stm32l4xx_ll_sdmmc.o
    0x08005730   0x00000034   Code   RO         5559    i.SDMMC_CmdOperCond  stm32l4xx_ll_sdmmc.o
    0x08005764   0x00000038   Code   RO         5560    i.SDMMC_CmdReadMultiBlock  stm32l4xx_ll_sdmmc.o
    0x0800579c   0x00000038   Code   RO         5561    i.SDMMC_CmdReadSingleBlock  stm32l4xx_ll_sdmmc.o
    0x080057d4   0x0000003a   Code   RO         5564    i.SDMMC_CmdSelDesel  stm32l4xx_ll_sdmmc.o
    0x0800580e   0x00000032   Code   RO         5565    i.SDMMC_CmdSendCID  stm32l4xx_ll_sdmmc.o
    0x08005840   0x00000032   Code   RO         5566    i.SDMMC_CmdSendCSD  stm32l4xx_ll_sdmmc.o
    0x08005872   0x00000038   Code   RO         5568    i.SDMMC_CmdSendSCR  stm32l4xx_ll_sdmmc.o
    0x080058aa   0x00000038   Code   RO         5569    i.SDMMC_CmdSendStatus  stm32l4xx_ll_sdmmc.o
    0x080058e2   0x00000038   Code   RO         5570    i.SDMMC_CmdSetRelAdd  stm32l4xx_ll_sdmmc.o
    0x0800591a   0x00000002   PAD
    0x0800591c   0x0000003c   Code   RO         5573    i.SDMMC_CmdStopTransfer  stm32l4xx_ll_sdmmc.o
    0x08005958   0x00000038   Code   RO         5575    i.SDMMC_CmdWriteMultiBlock  stm32l4xx_ll_sdmmc.o
    0x08005990   0x00000038   Code   RO         5576    i.SDMMC_CmdWriteSingleBlock  stm32l4xx_ll_sdmmc.o
    0x080059c8   0x0000002c   Code   RO         5577    i.SDMMC_ConfigData  stm32l4xx_ll_sdmmc.o
    0x080059f4   0x00000040   Code   RO         5578    i.SDMMC_GetCmdError  stm32l4xx_ll_sdmmc.o
    0x08005a34   0x000001ac   Code   RO         5579    i.SDMMC_GetCmdResp1  stm32l4xx_ll_sdmmc.o
    0x08005be0   0x00000064   Code   RO         5580    i.SDMMC_GetCmdResp2  stm32l4xx_ll_sdmmc.o
    0x08005c44   0x00000058   Code   RO         5581    i.SDMMC_GetCmdResp3  stm32l4xx_ll_sdmmc.o
    0x08005c9c   0x000000b8   Code   RO         5582    i.SDMMC_GetCmdResp6  stm32l4xx_ll_sdmmc.o
    0x08005d54   0x0000006c   Code   RO         5583    i.SDMMC_GetCmdResp7  stm32l4xx_ll_sdmmc.o
    0x08005dc0   0x00000008   Code   RO         5584    i.SDMMC_GetCommandResponse  stm32l4xx_ll_sdmmc.o
    0x08005dc8   0x0000000a   Code   RO         5587    i.SDMMC_GetPowerState  stm32l4xx_ll_sdmmc.o
    0x08005dd2   0x0000000c   Code   RO         5588    i.SDMMC_GetResponse  stm32l4xx_ll_sdmmc.o
    0x08005dde   0x00000034   Code   RO         5589    i.SDMMC_Init        stm32l4xx_ll_sdmmc.o
    0x08005e12   0x00000012   Code   RO         5591    i.SDMMC_PowerState_ON  stm32l4xx_ll_sdmmc.o
    0x08005e24   0x00000008   Code   RO         5592    i.SDMMC_ReadFIFO    stm32l4xx_ll_sdmmc.o
    0x08005e2c   0x00000028   Code   RO         5593    i.SDMMC_SendCommand  stm32l4xx_ll_sdmmc.o
    0x08005e54   0x0000000c   Code   RO         5595    i.SDMMC_WriteFIFO   stm32l4xx_ll_sdmmc.o
    0x08005e60   0x00000028   Code   RO         1578    i.SD_CheckStatus    sd_diskio_1.o
    0x08005e88   0x00000054   Code   RO          393    i.SD_DMAConfigRx    main.o
    0x08005edc   0x00000054   Code   RO          394    i.SD_DMAConfigTx    main.o
    0x08005f30   0x0000006c   Code   RO         5870    i.SD_DMAError       stm32l4xx_hal_sd.o
    0x08005f9c   0x00000048   Code   RO         5871    i.SD_DMAReceiveCplt  stm32l4xx_hal_sd.o
    0x08005fe4   0x00000048   Code   RO         5872    i.SD_DMARxAbort     stm32l4xx_hal_sd.o
    0x0800602c   0x00000012   Code   RO         5873    i.SD_DMATransmitCplt  stm32l4xx_hal_sd.o
    0x0800603e   0x00000048   Code   RO         5874    i.SD_DMATxAbort     stm32l4xx_hal_sd.o
    0x08006086   0x00000134   Code   RO         5875    i.SD_FindSCR        stm32l4xx_hal_sd.o
    0x080061ba   0x00000102   Code   RO         5876    i.SD_InitCard       stm32l4xx_hal_sd.o
    0x080062bc   0x000000cc   Code   RO         5878    i.SD_PowerON        stm32l4xx_hal_sd.o
    0x08006388   0x0000004a   Code   RO         5879    i.SD_Read_IT        stm32l4xx_hal_sd.o
    0x080063d2   0x00000030   Code   RO         5881    i.SD_SendStatus     stm32l4xx_hal_sd.o
    0x08006402   0x00000068   Code   RO         5882    i.SD_WideBus_Disable  stm32l4xx_hal_sd.o
    0x0800646a   0x00000068   Code   RO         5883    i.SD_WideBus_Enable  stm32l4xx_hal_sd.o
    0x080064d2   0x00000054   Code   RO         5884    i.SD_Write_IT       stm32l4xx_hal_sd.o
    0x08006526   0x00000002   PAD
    0x08006528   0x00000054   Code   RO         1579    i.SD_initialize     sd_diskio_1.o
    0x0800657c   0x0000006c   Code   RO         1580    i.SD_ioctl          sd_diskio_1.o
    0x080065e8   0x00000070   Code   RO         1581    i.SD_read           sd_diskio_1.o
    0x08006658   0x0000000c   Code   RO         1582    i.SD_status         sd_diskio_1.o
    0x08006664   0x00000070   Code   RO         1583    i.SD_write          sd_diskio_1.o
    0x080066d4   0x000000ec   Code   RO          753    i.SdcardCreatLogFile_Zyx  sd_log.o
    0x080067c0   0x000000cc   Code   RO          865    i.SdcardCreatProFile_Zyx  sd_data.o
    0x0800688c   0x00000134   Code   RO          754    i.SdcardGenerFileName  sd_log.o
    0x080069c0   0x0000004c   Code   RO          755    i.SdcardStatuCheck  sd_log.o
    0x08006a0c   0x00000030   Code   RO          472    i.StartChargeTask   charge_task.o
    0x08006a3c   0x00000130   Code   RO          514    i.StartDefaultTask  default_task.o
    0x08006b6c   0x000000b8   Code   RO            5    i.StartIMUTask      imu_task.o
    0x08006c24   0x000000e8   Code   RO          341    i.StartSDTask       sd_task.o
    0x08006d0c   0x00000038   Code   RO          545    i.StartSafetyTask   safety_task.o
    0x08006d44   0x00000014   Code   RO         1185    i.SysTick_Handler   stm32l4xx_it.o
    0x08006d58   0x000000a4   Code   RO          395    i.SystemClock_Config  main.o
    0x08006dfc   0x00000050   Code   RO         7579    i.SystemInit        system_stm32l4xx.o
    0x08006e4c   0x00000010   Code   RO         1186    i.TIM2_IRQHandler   stm32l4xx_it.o
    0x08006e5c   0x00000010   Code   RO         1187    i.TIM3_IRQHandler   stm32l4xx_it.o
    0x08006e6c   0x00000084   Code   RO         6211    i.TIM_Base_SetConfig  stm32l4xx_hal_tim.o
    0x08006ef0   0x00000016   Code   RO         6222    i.TIM_ETR_SetConfig  stm32l4xx_hal_tim.o
    0x08006f06   0x00000002   PAD
    0x08006f08   0x000000b0   Code   RO         6230    i.TIM_SlaveTimer_SetConfig  stm32l4xx_hal_tim.o
    0x08006fb8   0x00000026   Code   RO         6231    i.TIM_TI1_ConfigInputStage  stm32l4xx_hal_tim.o
    0x08006fde   0x00000028   Code   RO         6233    i.TIM_TI2_ConfigInputStage  stm32l4xx_hal_tim.o
    0x08007006   0x00000002   PAD
    0x08007008   0x00000010   Code   RO         1188    i.UART4_IRQHandler  stm32l4xx_it.o
    0x08007018   0x00000002   Code   RO         7620    i.UARTError_Handler  uart.o
    0x0800701a   0x000000f8   Code   RO         7170    i.UART_AdvFeatureConfig  stm32l4xx_hal_uart.o
    0x08007112   0x0000006e   Code   RO         7171    i.UART_CheckIdleState  stm32l4xx_hal_uart.o
    0x08007180   0x00000018   Code   RO         7172    i.UART_DMAAbortOnError  stm32l4xx_hal_uart.o
    0x08007198   0x00000056   Code   RO         7173    i.UART_DMAError     stm32l4xx_hal_uart.o
    0x080071ee   0x00000038   Code   RO         7178    i.UART_DMATransmitCplt  stm32l4xx_hal_uart.o
    0x08007226   0x0000000e   Code   RO         7180    i.UART_DMATxHalfCplt  stm32l4xx_hal_uart.o
    0x08007234   0x00000022   Code   RO         7182    i.UART_EndRxTransfer  stm32l4xx_hal_uart.o
    0x08007256   0x00000020   Code   RO         7183    i.UART_EndTransmit_IT  stm32l4xx_hal_uart.o
    0x08007276   0x00000012   Code   RO         7184    i.UART_EndTxTransfer  stm32l4xx_hal_uart.o
    0x08007288   0x0000006a   Code   RO         7185    i.UART_RxISR_16BIT  stm32l4xx_hal_uart.o
    0x080072f2   0x00000066   Code   RO         7186    i.UART_RxISR_8BIT   stm32l4xx_hal_uart.o
    0x08007358   0x00000338   Code   RO         7187    i.UART_SetConfig    stm32l4xx_hal_uart.o
    0x08007690   0x000000b4   Code   RO         7190    i.UART_WaitOnFlagUntilTimeout  stm32l4xx_hal_uart.o
    0x08007744   0x00000010   Code   RO         1189    i.USART1_IRQHandler  stm32l4xx_it.o
    0x08007754   0x00000010   Code   RO         1190    i.USART2_IRQHandler  stm32l4xx_it.o
    0x08007764   0x00000010   Code   RO         1191    i.USART3_IRQHandler  stm32l4xx_it.o
    0x08007774   0x00000064   Code   RO          546    i.UartCommCheck     safety_task.o
    0x080077d8   0x00000004   Code   RO         1192    i.UsageFault_Handler  stm32l4xx_it.o
    0x080077dc   0x000004c4   Code   RO          756    i.WriteLogFileParaHeadInfo  sd_log.o
    0x08007ca0   0x0000013c   Code   RO          866    i.WriteProFileParaHeadInfo  sd_data.o
    0x08007ddc   0x00000028   Code   RO         7997    i.__0sprintf$6      mc_w.l(printf6.o)
    0x08007e04   0x00000010   Code   RO         5326    i.__NVIC_GetPriorityGrouping  stm32l4xx_hal_cortex.o
    0x08007e14   0x00000028   Code   RO         5327    i.__NVIC_SetPriority  stm32l4xx_hal_cortex.o
    0x08007e3c   0x0000000e   Code   RO         8149    i.__scatterload_copy  mc_w.l(handlers.o)
    0x08007e4a   0x00000002   Code   RO         8150    i.__scatterload_null  mc_w.l(handlers.o)
    0x08007e4c   0x0000000e   Code   RO         8151    i.__scatterload_zeroinit  mc_w.l(handlers.o)
    0x08007e5a   0x00000002   PAD
    0x08007e5c   0x000002f0   Code   RO         8002    i._printf_core      mc_w.l(printf6.o)
    0x0800814c   0x00000024   Code   RO         8003    i._printf_post_padding  mc_w.l(printf6.o)
    0x08008170   0x0000002e   Code   RO         8004    i._printf_pre_padding  mc_w.l(printf6.o)
    0x0800819e   0x0000000a   Code   RO         8006    i._sputc            mc_w.l(printf6.o)
    0x080081a8   0x0000001c   Code   RO         1081    i.ble_isconnected   ble.o
    0x080081c4   0x000000d0   Code   RO         1082    i.ble_rx_tx_handle  ble.o
    0x08008294   0x00000024   Code   RO         1083    i.ble_update_systime  ble.o
    0x080082b8   0x0000005c   Code   RO          597    i.bq27421_i2c_command_read  bq27421.o
    0x08008314   0x0000003c   Code   RO          598    i.bq27421_i2c_command_write  bq27421.o
    0x08008350   0x00000060   Code   RO          600    i.bq27421_i2c_control_write  bq27421.o
    0x080083b0   0x00000058   Code   RO          601    i.bq27421_i2c_read_data_block  bq27421.o
    0x08008408   0x00000050   Code   RO          602    i.bq27421_i2c_write_data_block  bq27421.o
    0x08008458   0x000002dc   Code   RO          603    i.bq27421_init      bq27421.o
    0x08008734   0x00000016   Code   RO          604    i.bq27421_readAvgCurrent_mA  bq27421.o
    0x0800874a   0x00000016   Code   RO          606    i.bq27421_readDesignCapacity_mAh  bq27421.o
    0x08008760   0x00000016   Code   RO          609    i.bq27421_readFlagsReg  bq27421.o
    0x08008776   0x00000016   Code   RO          610    i.bq27421_readFullChargeCapacity_mAh  bq27421.o
    0x0800878c   0x00000016   Code   RO          611    i.bq27421_readRemainingCapacity_mAh  bq27421.o
    0x080087a2   0x00000016   Code   RO          612    i.bq27421_readStateofCharge_percent  bq27421.o
    0x080087b8   0x0000001a   Code   RO          613    i.bq27421_readStateofHealth_percent  bq27421.o
    0x080087d2   0x00000016   Code   RO          614    i.bq27421_readTemp_degK  bq27421.o
    0x080087e8   0x00000016   Code   RO          615    i.bq27421_readVoltage_mV  bq27421.o
    0x080087fe   0x00000002   PAD
    0x08008800   0x00000100   Code   RO          617    i.bq27421_update    bq27421.o
    0x08008900   0x00000030   Code   RO            6    i.buf_init          imu_task.o
    0x08008930   0x0000007c   Code   RO         1743    i.check_fs          ff.o
    0x080089ac   0x00000014   Code   RO         1744    i.chk_chr           ff.o
    0x080089c0   0x0000007c   Code   RO         1745    i.chk_lock          ff.o
    0x08008a3c   0x00000028   Code   RO         1746    i.clear_lock        ff.o
    0x08008a64   0x00000032   Code   RO         1747    i.clmt_clust        ff.o
    0x08008a96   0x0000001a   Code   RO         1748    i.clust2sect        ff.o
    0x08008ab0   0x00000098   Code   RO         1749    i.cmp_lfn           ff.o
    0x08008b48   0x000000de   Code   RO         1750    i.create_chain      ff.o
    0x08008c26   0x00000002   PAD
    0x08008c28   0x0000026c   Code   RO         1751    i.create_name       ff.o
    0x08008e94   0x00000044   Code   RO         1752    i.dec_lock          ff.o
    0x08008ed8   0x00000060   Code   RO         1753    i.dir_alloc         ff.o
    0x08008f38   0x000000fc   Code   RO         1754    i.dir_find          ff.o
    0x08009034   0x0000010c   Code   RO         1755    i.dir_next          ff.o
    0x08009140   0x00000142   Code   RO         1757    i.dir_register      ff.o
    0x08009282   0x0000009a   Code   RO         1759    i.dir_sdi           ff.o
    0x0800931c   0x0000002c   Code   RO         1688    i.disk_initialize   diskio.o
    0x08009348   0x00000028   Code   RO         1689    i.disk_ioctl        diskio.o
    0x08009370   0x00000030   Code   RO         1690    i.disk_read         diskio.o
    0x080093a0   0x0000001c   Code   RO         1691    i.disk_status       diskio.o
    0x080093bc   0x00000030   Code   RO         1692    i.disk_write        diskio.o
    0x080093ec   0x00000028   Code   RO         1760    i.enq_lock          ff.o
    0x08009414   0x00000034   Code   RO         1761    i.f_close           ff.o
    0x08009448   0x0000033c   Code   RO         1765    i.f_lseek           ff.o
    0x08009784   0x00000084   Code   RO         1768    i.f_mount           ff.o
    0x08009808   0x00000242   Code   RO         1769    i.f_open            ff.o
    0x08009a4a   0x000000b0   Code   RO         1778    i.f_sync            ff.o
    0x08009afa   0x00000244   Code   RO         1781    i.f_write           ff.o
    0x08009d3e   0x00000002   PAD
    0x08009d40   0x0000007c   Code   RO         2233    i.ff_convert        cc936.o
    0x08009dbc   0x00000026   Code   RO         2185    i.ff_cre_syncobj    syscall.o
    0x08009de2   0x0000000e   Code   RO         2186    i.ff_del_syncobj    syscall.o
    0x08009df0   0x0000000c   Code   RO         2187    i.ff_rel_grant      syscall.o
    0x08009dfc   0x00000018   Code   RO         2188    i.ff_req_grant      syscall.o
    0x08009e14   0x000000a4   Code   RO         2234    i.ff_wtoupper       cc936.o
    0x08009eb8   0x0000030c   Code   RO         1782    i.find_volume       ff.o
    0x0800a1c4   0x000000a2   Code   RO         1783    i.follow_path       ff.o
    0x0800a266   0x00000002   PAD
    0x0800a268   0x000000cc   Code   RO         1784    i.gen_numname       ff.o
    0x0800a334   0x00000240   Code   RO          473    i.getVolPercent     charge_task.o
    0x0800a574   0x000000e0   Code   RO         1785    i.get_fat           ff.o
    0x0800a654   0x00000004   Code   RO         1652    i.get_fattime       fatfs.o
    0x0800a658   0x00000048   Code   RO         1787    i.get_ldnumber      ff.o
    0x0800a6a0   0x00000024   Code   RO          867    i.hex_u8print       sd_data.o
    0x0800a6c4   0x00000064   Code   RO          868    i.imuDataHexToChar  sd_data.o
    0x0800a728   0x0000005c   Code   RO          869    i.imuDataSaveTmp    sd_data.o
    0x0800a784   0x00000078   Code   RO          870    i.imuDataStartSaveSDCard  sd_data.o
    0x0800a7fc   0x0000045c   Code   RO           10    i.imu_data_handle_sequence  imu_task.o
    0x0800ac58   0x0000001c   Code   RO           11    i.imu_init          imu_task.o
    0x0800ac74   0x00000028   Code   RO           12    i.imu_startMesure   imu_task.o
    0x0800ac9c   0x00000018   Code   RO           13    i.imu_stopMesure    imu_task.o
    0x0800acb4   0x00000010   Code   RO         3046    i.inHandlerMode     cmsis_os.o
    0x0800acc4   0x000000bc   Code   RO         1788    i.inc_lock          ff.o
    0x0800ad80   0x00000026   Code   RO         1789    i.ld_clust          ff.o
    0x0800ada6   0x00000018   Code   RO         1790    i.ld_dword          ff.o
    0x0800adbe   0x0000000c   Code   RO         1791    i.ld_word           ff.o
    0x0800adca   0x00000016   Code   RO         1792    i.lock_fs           ff.o
    0x0800ade0   0x000000bc   Code   RO          396    i.main              main.o
    0x0800ae9c   0x0000000e   Code   RO         3048    i.makeFreeRtosPriority  cmsis_os.o
    0x0800aeaa   0x00000024   Code   RO         1793    i.mem_cmp           ff.o
    0x0800aece   0x0000001a   Code   RO         1794    i.mem_cpy           ff.o
    0x0800aee8   0x00000012   Code   RO         1795    i.mem_set           ff.o
    0x0800aefa   0x00000034   Code   RO         1796    i.move_window       ff.o
    0x0800af2e   0x00000018   Code   RO         3050    i.osDelay           cmsis_os.o
    0x0800af46   0x00000012   Code   RO         3052    i.osKernelRunning   cmsis_os.o
    0x0800af58   0x0000000a   Code   RO         3053    i.osKernelStart     cmsis_os.o
    0x0800af62   0x00000014   Code   RO         3054    i.osKernelSysTick   cmsis_os.o
    0x0800af76   0x00000028   Code   RO         3062    i.osMessageCreate   cmsis_os.o
    0x0800af9e   0x00000002   PAD
    0x0800afa0   0x0000009c   Code   RO         3064    i.osMessageGet      cmsis_os.o
    0x0800b03c   0x00000060   Code   RO         3066    i.osMessagePut      cmsis_os.o
    0x0800b09c   0x0000004a   Code   RO         3079    i.osSemaphoreCreate  cmsis_os.o
    0x0800b0e6   0x00000018   Code   RO         3080    i.osSemaphoreDelete  cmsis_os.o
    0x0800b0fe   0x00000002   PAD
    0x0800b100   0x00000050   Code   RO         3082    i.osSemaphoreRelease  cmsis_os.o
    0x0800b150   0x00000068   Code   RO         3083    i.osSemaphoreWait   cmsis_os.o
    0x0800b1b8   0x0000005e   Code   RO         3087    i.osThreadCreate    cmsis_os.o
    0x0800b216   0x00000002   PAD
    0x0800b218   0x00000098   Code   RO         2725    i.prvAddCurrentTaskToDelayedList  tasks.o
    0x0800b2b0   0x000000b4   Code   RO         2726    i.prvAddNewTaskToReadyList  tasks.o
    0x0800b364   0x00000048   Code   RO         2727    i.prvCheckTasksWaitingTermination  tasks.o
    0x0800b3ac   0x0000002a   Code   RO         2400    i.prvCopyDataFromQueue  queue.o
    0x0800b3d6   0x0000007e   Code   RO         2401    i.prvCopyDataToQueue  queue.o
    0x0800b454   0x00000050   Code   RO         2728    i.prvDeleteTCB      tasks.o
    0x0800b4a4   0x00000014   Code   RO         2402    i.prvGetDisinheritPriorityAfterTimeout  queue.o
    0x0800b4b8   0x0000007c   Code   RO         3415    i.prvHeapInit       heap_4.o
    0x0800b534   0x00000028   Code   RO         2729    i.prvIdleTask       tasks.o
    0x0800b55c   0x00000026   Code   RO         2404    i.prvInitialiseNewQueue  queue.o
    0x0800b582   0x000000b4   Code   RO         2730    i.prvInitialiseNewTask  tasks.o
    0x0800b636   0x00000002   PAD
    0x0800b638   0x00000068   Code   RO         2731    i.prvInitialiseTaskLists  tasks.o
    0x0800b6a0   0x00000068   Code   RO         3416    i.prvInsertBlockIntoFreeList  heap_4.o
    0x0800b708   0x0000001a   Code   RO         2405    i.prvIsQueueEmpty   queue.o
    0x0800b722   0x0000001e   Code   RO         2406    i.prvIsQueueFull    queue.o
    0x0800b740   0x00000034   Code   RO         2732    i.prvResetNextTaskUnblockTime  tasks.o
    0x0800b774   0x00000040   Code   RO         3477    i.prvTaskExitError  port.o
    0x0800b7b4   0x0000007e   Code   RO         2407    i.prvUnlockQueue    queue.o
    0x0800b832   0x00000138   Code   RO         1798    i.put_fat           ff.o
    0x0800b96a   0x00000002   PAD
    0x0800b96c   0x00000080   Code   RO         1799    i.put_lfn           ff.o
    0x0800b9ec   0x0000013c   Code   RO         3417    i.pvPortMalloc      heap_4.o
    0x0800bb28   0x00000020   Code   RO         2734    i.pvTaskIncrementMutexHeldCount  tasks.o
    0x0800bb48   0x0000002c   Code   RO         3478    i.pxPortInitialiseStack  port.o
    0x0800bb74   0x0000009a   Code   RO         1803    i.remove_chain      ff.o
    0x0800bc0e   0x00000024   Code   RO         1804    i.st_clust          ff.o
    0x0800bc32   0x00000018   Code   RO         1805    i.st_dword          ff.o
    0x0800bc4a   0x0000000c   Code   RO         1806    i.st_word           ff.o
    0x0800bc56   0x00000020   Code   RO         1807    i.sum_sfn           ff.o
    0x0800bc76   0x00000002   PAD
    0x0800bc78   0x000000f0   Code   RO           15    i.syncHandle        imu_task.o
    0x0800bd68   0x00000090   Code   RO         1808    i.sync_fs           ff.o
    0x0800bdf8   0x00000052   Code   RO         1809    i.sync_window       ff.o
    0x0800be4a   0x00000002   PAD
    0x0800be4c   0x00000034   Code   RO         1031    i.systime_Init      systime.o
    0x0800be80   0x00000048   Code   RO         1032    i.systime_update    systime.o
    0x0800bec8   0x00000020   Code   RO         7621    i.uart1_sendStr     uart.o
    0x0800bee8   0x00000020   Code   RO         7625    i.uart3_sendStr     uart.o
    0x0800bf08   0x00000014   Code   RO         7629    i.uart_init         uart.o
    0x0800bf1c   0x0000001c   Code   RO         1810    i.unlock_fs         ff.o
    0x0800bf38   0x00000028   Code   RO         2363    i.uxListRemove      list.o
    0x0800bf60   0x00000018   Code   RO         1134    i.vApplicationGetIdleTaskMemory  freertos.o
    0x0800bf78   0x0000001a   Code   RO         2364    i.vListInitialise   list.o
    0x0800bf92   0x00000006   Code   RO         2365    i.vListInitialiseItem  list.o
    0x0800bf98   0x00000034   Code   RO         2366    i.vListInsert       list.o
    0x0800bfcc   0x00000018   Code   RO         2367    i.vListInsertEnd    list.o
    0x0800bfe4   0x00000054   Code   RO         3480    i.vPortEnterCritical  port.o
    0x0800c038   0x0000003c   Code   RO         3481    i.vPortExitCritical  port.o
    0x0800c074   0x00000094   Code   RO         3418    i.vPortFree         heap_4.o
    0x0800c108   0x00000028   Code   RO         3482    i.vPortSetupTimerInterrupt  port.o
    0x0800c130   0x00000078   Code   RO         3483    i.vPortValidateInterruptPriority  port.o
    0x0800c1a8   0x00000032   Code   RO         2412    i.vQueueDelete      queue.o
    0x0800c1da   0x00000002   PAD
    0x0800c1dc   0x00000030   Code   RO         2413    i.vQueueUnregisterQueue  queue.o
    0x0800c20c   0x0000005c   Code   RO         2740    i.vTaskDelay        tasks.o
    0x0800c268   0x00000018   Code   RO         2744    i.vTaskInternalSetTimeOutState  tasks.o
    0x0800c280   0x0000000c   Code   RO         2745    i.vTaskMissedYield  tasks.o
    0x0800c28c   0x00000038   Code   RO         2747    i.vTaskPlaceOnEventList  tasks.o
    0x0800c2c4   0x000000f4   Code   RO         2749    i.vTaskPriorityDisinheritAfterTimeout  tasks.o
    0x0800c3b8   0x000000b0   Code   RO         2754    i.vTaskStartScheduler  tasks.o
    0x0800c468   0x00000010   Code   RO         2756    i.vTaskSuspendAll   tasks.o
    0x0800c478   0x0000008c   Code   RO         2757    i.vTaskSwitchContext  tasks.o
    0x0800c504   0x00000052   Code   RO         1811    i.validate          ff.o
    0x0800c556   0x00000002   PAD
    0x0800c558   0x00000168   Code   RO         3484    i.xPortStartScheduler  port.o
    0x0800c6c0   0x00000034   Code   RO         3485    i.xPortSysTickHandler  port.o
    0x0800c6f4   0x00000060   Code   RO         2416    i.xQueueGenericCreate  queue.o
    0x0800c754   0x000000e0   Code   RO         2417    i.xQueueGenericCreateStatic  queue.o
    0x0800c834   0x00000098   Code   RO         2418    i.xQueueGenericReset  queue.o
    0x0800c8cc   0x000001a8   Code   RO         2419    i.xQueueGenericSend  queue.o
    0x0800ca74   0x000000f8   Code   RO         2420    i.xQueueGenericSendFromISR  queue.o
    0x0800cb6c   0x000000e0   Code   RO         2421    i.xQueueGiveFromISR  queue.o
    0x0800cc4c   0x00000168   Code   RO         2426    i.xQueueReceive     queue.o
    0x0800cdb4   0x000000ca   Code   RO         2427    i.xQueueReceiveFromISR  queue.o
    0x0800ce7e   0x00000002   PAD
    0x0800ce80   0x000001b8   Code   RO         2428    i.xQueueSemaphoreTake  queue.o
    0x0800d038   0x0000008c   Code   RO         2758    i.xTaskCheckForTimeOut  tasks.o
    0x0800d0c4   0x00000064   Code   RO         2759    i.xTaskCreate       tasks.o
    0x0800d128   0x000000ba   Code   RO         2760    i.xTaskCreateStatic  tasks.o
    0x0800d1e2   0x00000002   PAD
    0x0800d1e4   0x00000020   Code   RO         2764    i.xTaskGetSchedulerState  tasks.o
    0x0800d204   0x0000000c   Code   RO         2765    i.xTaskGetTickCount  tasks.o
    0x0800d210   0x00000014   Code   RO         2766    i.xTaskGetTickCountFromISR  tasks.o
    0x0800d224   0x00000148   Code   RO         2767    i.xTaskIncrementTick  tasks.o
    0x0800d36c   0x000000c8   Code   RO         2770    i.xTaskPriorityDisinherit  tasks.o
    0x0800d434   0x000000c8   Code   RO         2771    i.xTaskPriorityInherit  tasks.o
    0x0800d4fc   0x00000098   Code   RO         2772    i.xTaskRemoveFromEventList  tasks.o
    0x0800d594   0x00000104   Code   RO         2773    i.xTaskResumeAll    tasks.o
    0x0800d698   0x0000008c   Data   RO          398    .constdata          main.o
    0x0800d724   0x00000039   Data   RO          758    .constdata          sd_log.o
    0x0800d75d   0x0000001a   Data   RO         1033    .constdata          systime.o
    0x0800d777   0x00000001   PAD
    0x0800d778   0x00000024   Data   RO         1584    .constdata          sd_diskio_1.o
    0x0800d79c   0x0000002a   Data   RO         1813    .constdata          ff.o
    0x0800d7c6   0x0002abb6   Data   RO         2235    .constdata          cc936.o
    0x0803837c   0x00000048   Data   RO         7580    .constdata          system_stm32l4xx.o
    0x080383c4   0x00000033   Data   RO          399    .conststring        main.o
    0x080383f7   0x00000001   PAD
    0x080383f8   0x0000000c   Data   RO          759    .conststring        sd_log.o
    0x08038404   0x00000020   Data   RO         8147    Region$$Table       anon$$obj.o


    Execution Region RW_IRAM1 (Base: 0x20000000, Size: 0x000058c0, Max: 0x00028000, ABSOLUTE, COMPRESSED[0x00000094])

    Base Addr    Size         Type   Attr      Idx    E Section Name        Object

    0x20000000   0x00000060   Data   RW           17    .data               imu_task.o
    0x20000060   0x00000010   Data   RW          343    .data               sd_task.o
    0x20000070   0x00000014   Data   RW          400    .data               main.o
    0x20000084   0x00000005   Data   RW          475    .data               charge_task.o
    0x20000089   0x00000003   PAD
    0x2000008c   0x00000008   Data   RW          515    .data               default_task.o
    0x20000094   0x0000000e   Data   RW          548    .data               safety_task.o
    0x200000a2   0x00000002   PAD
    0x200000a4   0x00000014   Data   RW          760    .data               sd_log.o
    0x200000b8   0x00000070   Data   RW          872    .data               sd_data.o
    0x20000128   0x00000007   Data   RW         1034    .data               systime.o
    0x2000012f   0x00000001   PAD
    0x20000130   0x00000028   Data   RW         1084    .data               ble.o
    0x20000158   0x00000008   Data   RW         1585    .data               sd_diskio_1.o
    0x20000160   0x00000005   Data   RW         1654    .data               fatfs.o
    0x20000165   0x00000003   PAD
    0x20000168   0x00000006   Data   RW         1814    .data               ff.o
    0x2000016e   0x00000002   PAD
    0x20000170   0x0000003c   Data   RW         2776    .data               tasks.o
    0x200001ac   0x00000018   Data   RW         3423    .data               heap_4.o
    0x200001c4   0x0000000c   Data   RW         3486    .data               port.o
    0x200001d0   0x00000009   Data   RW         3591    .data               stm32l4xx_hal.o
    0x200001d9   0x00000003   PAD
    0x200001dc   0x00000004   Data   RW         7581    .data               system_stm32l4xx.o
    0x200001e0   0x00000050   Data   RW         7631    .data               uart.o
    0x20000230   0x00000a64   Zero   RW           16    .bss                imu_task.o
    0x20000c94   0x00000368   Zero   RW          397    .bss                main.o
    0x20000ffc   0x00000004   PAD
    0x20001000   0x00000020   Zero   RW          474    .bss                charge_task.o
    0x20001020   0x0000000f   Zero   RW          547    .bss                safety_task.o
    0x2000102f   0x00000001   PAD
    0x20001030   0x00000ab8   Zero   RW          757    .bss                sd_log.o
    0x20001ae8   0x0000159a   Zero   RW          871    .bss                sd_data.o
    0x20003082   0x00000002   PAD
    0x20003084   0x00000254   Zero   RW         1135    .bss                freertos.o
    0x200032d8   0x00000468   Zero   RW         1653    .bss                fatfs.o
    0x20003740   0x00000020   Zero   RW         1812    .bss                ff.o
    0x20003760   0x0000000c   Zero   RW         2139    .bss                ff_gen_drv.o
    0x2000376c   0x00000040   Zero   RW         2429    .bss                queue.o
    0x200037ac   0x000000f0   Zero   RW         2775    .bss                tasks.o
    0x2000389c   0x00001388   Zero   RW         3422    .bss                heap_4.o
    0x20004c24   0x000003b3   Zero   RW         7630    .bss                uart.o
    0x20004fd7   0x00000001   PAD
    0x20004fd8   0x000000e4   Zero   RW         7765    .bss                tim.o
    0x200050bc   0x00000004   PAD
    0x200050c0   0x00000800   Zero   RW          587    STACK               startup_stm32l451xx.o


==============================================================================

Image component sizes


      Code (inc. data)   RO Data    RW Data    ZI Data      Debug   Object Name

       272         42          0         40          0       2849   ble.o
        12          0          0          0          0        475   board.o
      1606         56          0          0          0      12875   bq27421.o
       250         26          0          0          0       6267   bsp_driver_sd.o
       288         26     175030          0          0       2875   cc936.o
       624         28          0          5         32       4919   charge_task.o
       770         18          0          0          0      35618   cmsis_os.o
       304         32          0          8          0        759   default_task.o
       208         24          0          0          0       3825   diskio.o
         0          0          0          0          0      17336   event_groups.o
        32         12          0          5       1128       1476   fatfs.o
        24          4          0          0          0        557   fatfs_platform.o
      7816         98         42          6         32      45179   ff.o
       102          6          0          0         12       1643   ff_gen_drv.o
        24         10          0          0        596       1212   freertos.o
       692         62          0         24       5000       7251   heap_4.o
      1768        228          0         96       2660     774882   imu_task.o
       148          0          0          0          0       3506   list.o
      1206        110        191         20        872      11578   main.o
      1014         92          0         12          0      11917   port.o
      2876         24          0          0         64      23243   queue.o
       560         76          0         14         15       3474   safety_task.o
       892        176          0        112       5530      28361   sd_data.o
       516         50         36          8          0       8261   sd_diskio_1.o
      2172        458         69         20       2744      28595   sd_log.o
       232         32          0         16          0       3262   sd_task.o
        36          8        404          0       2048        792   startup_stm32l451xx.o
       194         32          0          9          0      13461   stm32l4xx_hal.o
       312         22          0          0          0      34275   stm32l4xx_hal_cortex.o
      1104         18          0          0          0       5603   stm32l4xx_hal_dma.o
       510         32          0          0          0       3538   stm32l4xx_hal_gpio.o
      1578         28          0          0          0      10062   stm32l4xx_hal_i2c.o
       210          0          0          0          0       1923   stm32l4xx_hal_i2c_ex.o
       112          0          0          0          0       1727   stm32l4xx_hal_iwdg.o
      1676        124          0          0          0       5067   stm32l4xx_hal_msp.o
       156         18          0          0          0       1334   stm32l4xx_hal_pwr_ex.o
      2748        104          0          0          0       7300   stm32l4xx_hal_rcc.o
      3420         66          0          0          0       5589   stm32l4xx_hal_rcc_ex.o
      3670         70          0          0          0      18751   stm32l4xx_hal_sd.o
      1076         30          0          0          0       9508   stm32l4xx_hal_tim.o
       154         14          0          0          0       3032   stm32l4xx_hal_tim_ex.o
      2804         86          0          0          0      15138   stm32l4xx_hal_uart.o
         2          0          0          0          0        936   stm32l4xx_hal_uart_ex.o
       318         96          0          0          0      12087   stm32l4xx_it.o
      2110         46          0          0          0      24280   stm32l4xx_ll_sdmmc.o
        88          0          0          0          0       3420   syscall.o
        80         12         72          4          0       1205   system_stm32l4xx.o
       542         22         26          7          0       3778   systime.o
      3282        384          0         60        240      29388   tasks.o
        96          8          0          0        228        847   tim.o
      1266        188          0         80        947       7378   uart.o
        34          0          0          0          0       1059   utility.o
        16          6          0          0          0        460   wdg.o

    ----------------------------------------------------------------------
     52076       3104     175904        560      22160    1264133   Object Totals
         0          0         32          0          0          0   (incl. Generated)
        74          0          2         14         12          0   (incl. Padding)

    ----------------------------------------------------------------------

      Code (inc. data)   RO Data    RW Data    ZI Data      Debug   Library Member Name

        86          0          0          0          0          0   __dczerorl2.o
         0          0          0          0          0          0   entry.o
         0          0          0          0          0          0   entry10a.o
         0          0          0          0          0          0   entry11a.o
         8          4          0          0          0          0   entry2.o
         4          0          0          0          0          0   entry5.o
         0          0          0          0          0          0   entry7b.o
         0          0          0          0          0          0   entry8b.o
         8          4          0          0          0          0   entry9a.o
        30          0          0          0          0          0   handlers.o
        36          8          0          0          0         68   init.o
         0          0          0          0          0          0   iusefp.o
        30          0          0          0          0         68   llshl.o
        36          0          0          0          0         68   llsshr.o
        32          0          0          0          0         68   llushr.o
        36          0          0          0          0         68   memcpya.o
        36          0          0          0          0        108   memseta.o
       884         10          0          0          0        420   printf6.o
        24          0          0          0          0         68   strcat.o
        14          0          0          0          0         68   strlen.o
        44          0          0          0          0         80   uidiv.o
        98          0          0          0          0         92   uldiv.o
       334          0          0          0          0        148   dadd.o
       222          0          0          0          0        100   ddiv.o
       186          0          0          0          0        176   depilogue.o
        50          0          0          0          0         76   dfixui.o
        26          0          0          0          0         76   dfltui.o
       228          0          0          0          0         96   dmul.o

    ----------------------------------------------------------------------
      2456         26          0          0          0       1848   Library Totals
         4          0          0          0          0          0   (incl. Padding)

    ----------------------------------------------------------------------

      Code (inc. data)   RO Data    RW Data    ZI Data      Debug   Library Name

      1406         26          0          0          0       1176   mc_w.l
      1046          0          0          0          0        672   mf_w.l

    ----------------------------------------------------------------------
      2456         26          0          0          0       1848   Library Totals

    ----------------------------------------------------------------------

==============================================================================


      Code (inc. data)   RO Data    RW Data    ZI Data      Debug   

     54532       3130     175904        560      22160    1225129   Grand Totals
     54532       3130     175904        148      22160    1225129   ELF Image Totals (compressed)
     54532       3130     175904        148          0          0   ROM Totals

==============================================================================

    Total RO  Size (Code + RO Data)               230436 ( 225.04kB)
    Total RW  Size (RW Data + ZI Data)             22720 (  22.19kB)
    Total ROM Size (Code + RO Data + RW Data)     230584 ( 225.18kB)

==============================================================================

