<html>
<body>
<pre>
<h1>µVision Build Log</h1>
<h2>Tool Versions:</h2>
IDE-Version: ¦ÌVision V5.18.0.0
Copyright (C) 2016 ARM Ltd and ARM Germany GmbH. All rights reserved.
License Information: AAA Administrator, AAAA, LIC=FYKMM-XEWG9-Q0JNJ-U9FDF-LP210-71ZNS
 
Tool Versions:
Toolchain:       MDK-ARM Standard  Version: 5.18
Toolchain Path:  C:\Keil_v5\ARM\ARMCC\Bin
C Compiler:      Armcc.exe V5.06 update 1 (build 61)
Assembler:       Armasm.exe V5.06 update 1 (build 61)
Linker/Locator:  ArmLink.exe V5.06 update 1 (build 61)
Library Manager: ArmAr.exe V5.06 update 1 (build 61)
Hex Converter:   FromElf.exe V5.06 update 1 (build 61)
CPU DLL:         SARMCM3.DLL V5.18
Dialog DLL:      DCM.DLL V1.13.6.0
Target DLL:      Segger\JL2CM3.dll V2.99.18.0
Dialog DLL:      TCM.DLL V1.14.8.0
 
<h2>Project:</h2>
G:\code\CHWS\stm32L4_cubemx\MDK-ARM\stm32L4_cubemx.uvprojx
Project File Date:  06/23/2021

<h2>Output:</h2>
*** Using Compiler 'V5.06 update 1 (build 61)', folder: 'C:\Keil_v5\ARM\ARMCC\Bin'
Build target 'stm32L4_cubemx'
assembling startup_stm32l451xx.s...
compiling charge_task.c...
compiling default_task.c...
..\Application\Users\default_task.c(40): warning:  #550-D: variable "xLastWakeTime" was set but never used
  	static TickType_t xLastWakeTime;
..\Application\Users\default_task.c: 1 warning, 0 errors
compiling safety_task.c...
..\Application\Users\safety_task.c(41): warning:  #550-D: variable "pwrDatTmp" was set but never used
  	static uint16_t pwrDatTmp;
..\Application\Users\safety_task.c: 1 warning, 0 errors
compiling bq27421.c...
compiling utility.c...
compiling main.c...
compiling imu_task.c...
compiling sd_task.c...
..\Application\Users\sd_task.c(48): warning:  #550-D: variable "TmpRetFr" was set but never used
  	FRESULT TmpRetFr = FR_INVALID_PARAMETER;
..\Application\Users\sd_task.c(155): warning:  #177-D: variable "tmpRecQueueProInfo" was declared but never referenced
  					SD_RW_PRO_DATA_T tmpRecQueueProInfo;
..\Application\Users\sd_task.c(73): warning:  #177-D: variable "TmpRetFr" was declared but never referenced
  	FRESULT TmpRetFr = FR_INVALID_PARAMETER;
..\Application\Users\sd_task.c(74): warning:  #177-D: variable "TmpWriteBytes" was declared but never referenced
  	UINT TmpWriteBytes;
..\Application\Users\sd_task.c: 4 warnings, 0 errors
compiling systime.c...
compiling ble.c...
compiling sd_log.c...
..\Application\Device\SD\sd_log.c(220): warning:  #550-D: variable "TmpRetFr" was set but never used
  	FRESULT TmpRetFr = FR_INVALID_PARAMETER;	/* Return value */
..\Application\Device\SD\sd_log.c(340): warning:  #188-D: enumerated type mixed with another type
  	vFatsFileCreat = vFatsLogFileCreat;
..\Application\Device\SD\sd_log.c(410): warning:  #188-D: enumerated type mixed with another type
                      vFatsLogFileCreat = E_FATS_FILE_CREAT_NO;
..\Application\Device\SD\sd_log.c(317): warning:  #550-D: variable "TmpStReFile" was set but never used
  	static SD_READ_FILE_T TmpStReFile;
..\Application\Device\SD\sd_log.c(442): warning:  #167-D: argument of type "uint8_t *" is incompatible with parameter of type "const char *"
  	ArgWrLen = strlen(ArgWrInfo);// 20 BYTE
..\Application\Device\SD\sd_log.c(483): warning:  #188-D: enumerated type mixed with another type
  	vFatsFileCreat = vFatsLogFileCreat ;
..\Application\Device\SD\sd_log.c(531): warning:  #167-D: argument of type "char *" is incompatible with parameter of type "uint8_t *"
  		LogWriteFileInfo(vSdFileHeadInfoProd);
..\Application\Device\SD\sd_log.c(475): warning:  #550-D: variable "TmpRetFr" was set but never used
  	FRESULT TmpRetFr = FR_INVALID_PARAMETER;	/* Return value */
..\Application\Device\SD\sd_log.c: 8 warnings, 0 errors
compiling freertos.c...
compiling sd_data.c...
..\Application\Device\SD\sd_data.c(132): warning:  #177-D: variable "TmpStWrFileInf" was declared but never referenced
  	SD_WRITE_PRO_FILE_INFO_T TmpStWrFileInf;
..\Application\Device\SD\sd_data.c(133): warning:  #177-D: variable "sdatalen" was declared but never referenced
  	uint16_t sdatalen;
..\Application\Device\SD\sd_data.c(136): warning:  #177-D: variable "TmpRet" was declared but never referenced
  	bool TmpRet = FALSE;
..\Application\Device\SD\sd_data.c(137): warning:  #550-D: variable "TmpRetFr" was set but never used
  	FRESULT TmpRetFr; 	/* Return value */
..\Application\Device\SD\sd_data.c(238): warning:  #167-D: argument of type "uint8_t *" is incompatible with parameter of type "const char *"
  	arrayWrLen = strlen(arrayWrInfo);//
..\Application\Device\SD\sd_data.c(298): warning:  #550-D: variable "TmpRetFr" was set but never used
  	FRESULT TmpRetFr = FR_INVALID_PARAMETER;	/* Return value */
..\Application\Device\SD\sd_data.c(376): warning:  #550-D: variable "TmpStReFile" was set but never used
  	static SD_READ_FILE_T TmpStReFile;
..\Application\Device\SD\sd_data.c: 7 warnings, 0 errors
compiling stm32l4xx_it.c...
compiling stm32l4xx_hal_msp.c...
compiling bsp_driver_sd.c...
compiling fatfs_platform.c...
compiling sd_diskio.c...
compiling diskio.c...
compiling fatfs.c...
compiling croutine.c...
compiling event_groups.c...
compiling list.c...
compiling queue.c...
compiling stream_buffer.c...
compiling timers.c...
compiling tasks.c...
compiling ff.c...
compiling heap_4.c...
compiling cmsis_os.c...
compiling port.c...
compiling ff_gen_drv.c...
compiling syscall.c...
compiling cc936.c...
compiling stm32l4xx_hal.c...
compiling stm32l4xx_hal_i2c_ex.c...
compiling stm32l4xx_hal_i2c.c...
compiling stm32l4xx_hal_rcc.c...
compiling stm32l4xx_hal_rcc_ex.c...
compiling stm32l4xx_hal_flash.c...
compiling stm32l4xx_hal_flash_ex.c...
compiling stm32l4xx_hal_flash_ramfunc.c...
compiling stm32l4xx_hal_gpio.c...
compiling stm32l4xx_hal_dma_ex.c...
compiling stm32l4xx_hal_dma.c...
compiling stm32l4xx_hal_pwr.c...
compiling stm32l4xx_hal_pwr_ex.c...
compiling stm32l4xx_hal_cortex.c...
compiling stm32l4xx_hal_exti.c...
compiling stm32l4xx_hal_iwdg.c...
compiling stm32l4xx_ll_sdmmc.c...
compiling stm32l4xx_hal_sd.c...
compiling stm32l4xx_hal_sd_ex.c...
compiling stm32l4xx_hal_tim_ex.c...
compiling stm32l4xx_hal_uart.c...
compiling stm32l4xx_hal_tim.c...
compiling stm32l4xx_hal_uart_ex.c...
compiling system_stm32l4xx.c...
compiling uart.c...
compiling board.c...
compiling tim.c...
..\Drivers\BSP\tim.c(65): warning:  #177-D: variable "sSlaveConfig" was declared but never referenced
    TIM_SlaveConfigTypeDef sSlaveConfig = {0};
..\Drivers\BSP\tim.c(66): warning:  #177-D: variable "sMasterConfig" was declared but never referenced
    TIM_MasterConfigTypeDef sMasterConfig = {0};
..\Drivers\BSP\tim.c: 2 warnings, 0 errors
compiling wdg.c...
linking...
Program Size: Code=54532 RO-data=175904 RW-data=560 ZI-data=22160  
FromELF: creating hex file...
".\stm32L4_cubemx\stm32L4_cubemx.axf" - 0 Error(s), 23 Warning(s).

<h2>Software Packages used:</h2>

Package Vendor: ARM
                http://www.keil.com/pack/ARM.CMSIS.4.5.0.pack
                ARM::CMSIS:CORE:4.3.0
                CMSIS (Cortex Microcontroller Software Interface Standard)
   * Component: CORE Version: 4.3.0

<h2>Collection of Component include folders:</h2>
  G:\code\CHWS\stm32L4_cubemx\MDK-ARM\RTE
  C:\Keil_v5\ARM\PACK\ARM\CMSIS\4.5.0\CMSIS\Include

<h2>Collection of Component Files used:</h2>

   * Component: ARM::CMSIS:CORE:4.3.0
Build Time Elapsed:  00:02:01
</pre>
</body>
</html>
